Archive member included to satisfy reference by file (symbol)

app/libapp.a(main.c.obj)      (--whole-archive)
zephyr/libzephyr.a(cbprintf.c.obj)
                              (--whole-archive)
zephyr/libzephyr.a(cbprintf_packaged.c.obj)
                              (--whole-archive)
zephyr/libzephyr.a(crc32c_sw.c.obj)
                              (--whole-archive)
zephyr/libzephyr.a(crc32_sw.c.obj)
                              (--whole-archive)
zephyr/libzephyr.a(crc16_sw.c.obj)
                              (--whole-archive)
zephyr/libzephyr.a(crc8_sw.c.obj)
                              (--whole-archive)
zephyr/libzephyr.a(crc7_sw.c.obj)
                              (--whole-archive)
zephyr/libzephyr.a(dec.c.obj)
                              (--whole-archive)
zephyr/libzephyr.a(fdtable.c.obj)
                              (--whole-archive)
zephyr/libzephyr.a(hex.c.obj)
                              (--whole-archive)
zephyr/libzephyr.a(notify.c.obj)
                              (--whole-archive)
zephyr/libzephyr.a(printk.c.obj)
                              (--whole-archive)
zephyr/libzephyr.a(onoff.c.obj)
                              (--whole-archive)
zephyr/libzephyr.a(rb.c.obj)  (--whole-archive)
zephyr/libzephyr.a(sem.c.obj)
                              (--whole-archive)
zephyr/libzephyr.a(thread_entry.c.obj)
                              (--whole-archive)
zephyr/libzephyr.a(timeutil.c.obj)
                              (--whole-archive)
zephyr/libzephyr.a(heap.c.obj)
                              (--whole-archive)
zephyr/libzephyr.a(heap-validate.c.obj)
                              (--whole-archive)
zephyr/libzephyr.a(bitarray.c.obj)
                              (--whole-archive)
zephyr/libzephyr.a(multi_heap.c.obj)
                              (--whole-archive)
zephyr/libzephyr.a(cbprintf_complete.c.obj)
                              (--whole-archive)
zephyr/libzephyr.a(assert.c.obj)
                              (--whole-archive)
zephyr/libzephyr.a(mpsc_pbuf.c.obj)
                              (--whole-archive)
zephyr/libzephyr.a(reboot.c.obj)
                              (--whole-archive)
zephyr/libzephyr.a(configs.c.obj)
                              (--whole-archive)
zephyr/libzephyr.a(soc_nrf_common.S.obj)
                              (--whole-archive)
zephyr/libzephyr.a(validate_base_addresses.c.obj)
                              (--whole-archive)
zephyr/libzephyr.a(validate_enabled_instances.c.obj)
                              (--whole-archive)
zephyr/libzephyr.a(log_list.c.obj)
                              (--whole-archive)
zephyr/libzephyr.a(log_core.c.obj)
                              (--whole-archive)
zephyr/libzephyr.a(log_mgmt.c.obj)
                              (--whole-archive)
zephyr/libzephyr.a(log_msg.c.obj)
                              (--whole-archive)
zephyr/libzephyr.a(log_output.c.obj)
                              (--whole-archive)
zephyr/libzephyr.a(log_msg2.c.obj)
                              (--whole-archive)
zephyr/libzephyr.a(log_backend_uart.c.obj)
                              (--whole-archive)
zephyr/libzephyr.a(log_backend_rtt.c.obj)
                              (--whole-archive)
zephyr/libzephyr.a(pm.c.obj)  (--whole-archive)
zephyr/libzephyr.a(policy.c.obj)
                              (--whole-archive)
zephyr/libzephyr.a(state.c.obj)
                              (--whole-archive)
zephyr/libzephyr.a(tracing_none.c.obj)
                              (--whole-archive)
zephyr/libzephyr.a(nrf_cc3xx_platform_abort_zephyr.c.obj)
                              (--whole-archive)
zephyr/libzephyr.a(nrf_cc3xx_platform_mutex_zephyr.c.obj)
                              (--whole-archive)
zephyr/arch/common/libarch__common.a(sw_isr_common.c.obj)
                              (--whole-archive)
zephyr/arch/arch/arm/core/aarch32/libarch__arm__core__aarch32.a(cpu_idle.S.obj)
                              (--whole-archive)
zephyr/arch/arch/arm/core/aarch32/libarch__arm__core__aarch32.a(fatal.c.obj)
                              (--whole-archive)
zephyr/arch/arch/arm/core/aarch32/libarch__arm__core__aarch32.a(irq_manage.c.obj)
                              (--whole-archive)
zephyr/arch/arch/arm/core/aarch32/libarch__arm__core__aarch32.a(nmi.c.obj)
                              (--whole-archive)
zephyr/arch/arch/arm/core/aarch32/libarch__arm__core__aarch32.a(nmi_on_reset.S.obj)
                              (--whole-archive)
zephyr/arch/arch/arm/core/aarch32/libarch__arm__core__aarch32.a(prep_c.c.obj)
                              (--whole-archive)
zephyr/arch/arch/arm/core/aarch32/libarch__arm__core__aarch32.a(swap.c.obj)
                              (--whole-archive)
zephyr/arch/arch/arm/core/aarch32/libarch__arm__core__aarch32.a(swap_helper.S.obj)
                              (--whole-archive)
zephyr/arch/arch/arm/core/aarch32/libarch__arm__core__aarch32.a(thread.c.obj)
                              (--whole-archive)
[...]
Memory Configuration

Name             Origin             Length             Attributes
FLASH            0x0000000000000000 0x0000000000100000 xr
SRAM             0x0000000020000000 0x0000000000040000 xw
IDT_LIST         0x00000000fffff7ff 0x0000000000000800 xw
*default*        0x0000000000000000 0xffffffffffffffff

Linker script and memory map

LOAD zephyr/CMakeFiles/zephyr_final.dir/misc/empty_file.c.obj
LOAD zephyr/CMakeFiles/zephyr_final.dir/dev_handles.c.obj
LOAD zephyr/CMakeFiles/zephyr_final.dir/isr_tables.c.obj
                0x0000000000000020                _region_min_align = 0x20

.rel.plt        0x0000000000000000        0x0
 *(SORT_BY_ALIGNMENT(.rel.plt))
                [!provide]                        PROVIDE (__rel_iplt_start = .)
 *(SORT_BY_ALIGNMENT(.rel.iplt))
 .rel.iplt      0x0000000000000000        0x0 zephyr/CMakeFiles/zephyr_final.dir/isr_tables.c.obj
                [!provide]                        PROVIDE (__rel_iplt_end = .)

.rela.plt       0x0000000000000000        0x0
 *(SORT_BY_ALIGNMENT(.rela.plt))
                [!provide]                        PROVIDE (__rela_iplt_start = .)
 *(SORT_BY_ALIGNMENT(.rela.iplt))
                [!provide]                        PROVIDE (__rela_iplt_end = .)

.rel.dyn
 *(SORT_BY_ALIGNMENT(.rel.*))

.rela.dyn
 *(SORT_BY_ALIGNMENT(.rela.*))

/DISCARD/
 *(SORT_BY_ALIGNMENT(.plt))
 *(SORT_BY_ALIGNMENT(.iplt))
 *(SORT_BY_ALIGNMENT(.got.plt))
 *(SORT_BY_ALIGNMENT(.igot.plt))
 *(SORT_BY_ALIGNMENT(.got))
 *(SORT_BY_ALIGNMENT(.igot))
 *(SORT_BY_ALIGNMENT(.irq_info*))
 *(SORT_BY_ALIGNMENT(.intList*))
 *(SORT_BY_ALIGNMENT(.note.GNU-stack))
                0x0000000000000000                __rom_region_start = 0x0

rom_start       0x0000000000000000      0x100
                0x0000000000000000                . = 0x0
                0x0000000000000000                . = ALIGN (0x4)
                0x0000000000000000                . = ALIGN (0x80)
                0x0000000000000000                . = ALIGN (0x100)
                0x0000000000000000                _vector_start = .
 *(SORT_BY_ALIGNMENT(.exc_vector_table))
 *(SORT_BY_ALIGNMENT(.exc_vector_table.*))
 .exc_vector_table._vector_table_section
                0x0000000000000000       0x40 zephyr/arch/arch/arm/core/aarch32/cortex_m/libarch__arm__core__aarch32__cortex_m.a(vector_table.S.obj)
                0x0000000000000000                _vector_table
 *(SORT_BY_ALIGNMENT(.gnu.linkonce.irq_vector_table*))
 .gnu.linkonce.irq_vector_table
                0x0000000000000040       0xc0 zephyr/CMakeFiles/zephyr_final.dir/isr_tables.c.obj
                0x0000000000000040                _irq_vector_table
 *(SORT_BY_ALIGNMENT(.vectors))
                0x0000000000000100                _vector_end = .

text            0x0000000000000100     0x765c
                0x0000000000000100                __text_region_start = .
 *(SORT_BY_ALIGNMENT(.text))
 .text          0x0000000000000100       0x30 c:/nordicsemi/toolchains/v2.0.0/opt/zephyr-sdk/arm-zephyr-eabi/bin/../lib/gcc/arm-zephyr-eabi/10.3.0/thumb/v7e-m/nofp\libgcc.a(_aeabi_uldivmod.o)
                0x0000000000000100                __aeabi_uldivmod
 .text          0x0000000000000130        0x4 c:/nordicsemi/toolchains/v2.0.0/opt/zephyr-sdk/arm-zephyr-eabi/bin/../lib/gcc/arm-zephyr-eabi/10.3.0/thumb/v7e-m/nofp\libgcc.a(_dvmd_tls.o)
                0x0000000000000130                __aeabi_idiv0
                0x0000000000000130                __aeabi_ldiv0
 .text          0x0000000000000134      0x2a6 c:/nordicsemi/toolchains/v2.0.0/opt/zephyr-sdk/arm-zephyr-eabi/bin/../lib/gcc/arm-zephyr-eabi/10.3.0/thumb/v7e-m/nofp\libgcc.a(_udivmoddi4.o)
                0x0000000000000134                __udivmoddi4
 *(SORT_BY_ALIGNMENT(.text.*))
 *fill*         0x00000000000003da        0x2 
 .text.uart_cb  0x00000000000003dc       0xf0 app/libapp.a(main.c.obj)
 .text.main     0x00000000000004cc      0x108 app/libapp.a(main.c.obj)
                0x00000000000004cc                main
 .text.cbprintf_package_copy
                0x00000000000005d4      0x2a0 zephyr/libzephyr.a(cbprintf_packaged.c.obj)
                0x00000000000005d4                cbprintf_package_copy
 .text.char_out
                0x0000000000000874       0x10 zephyr/libzephyr.a(printk.c.obj)
 .text.__printk_hook_install
                0x0000000000000884        0xc zephyr/libzephyr.a(printk.c.obj)
                0x0000000000000884                __printk_hook_install
 .text.vprintk  0x0000000000000890       0x1c zephyr/libzephyr.a(printk.c.obj)
                0x0000000000000890                vprintk
 .text.vsnprintk
                0x00000000000008ac       0x28 zephyr/libzephyr.a(printk.c.obj)
                0x00000000000008ac                vsnprintk
 .text.process_event
                0x00000000000008d4      0x1c0 zephyr/libzephyr.a(onoff.c.obj)
 .text.cbvprintf
                0x0000000000000a94      0x784 zephyr/libzephyr.a(cbprintf_complete.c.obj)
                0x0000000000000a94                cbvprintf
 .text.sys_reboot
                0x0000000000001218       0x28 zephyr/libzephyr.a(reboot.c.obj)
                0x0000000000001218                sys_reboot
 .text.enable_logger
                0x0000000000001240       0x5c zephyr/libzephyr.a(log_core.c.obj)
 .text.log_process_thread_timer_expiry_fn
                0x000000000000129c        0xc zephyr/libzephyr.a(log_core.c.obj)
 .text.log_format_func_t_get
                0x00000000000012a8        0xc zephyr/libzephyr.a(log_core.c.obj)
                0x00000000000012a8                log_format_func_t_get
 .text.log_init
                0x00000000000012b4       0x58 zephyr/libzephyr.a(log_core.c.obj)
                0x00000000000012b4                log_init
 .text.z_log_notify_backend_enabled
                0x000000000000130c       0x1c zephyr/libzephyr.a(log_core.c.obj)
                0x000000000000130c                z_log_notify_backend_enabled
 .text.z_log_dropped
                0x0000000000001328       0x3c zephyr/libzephyr.a(log_core.c.obj)
                0x0000000000001328                z_log_dropped
 .text.z_log_dropped_read_and_clear
                0x0000000000001364       0x20 zephyr/libzephyr.a(log_core.c.obj)
                0x0000000000001364                z_log_dropped_read_and_clear
 .text.dropped_notify
                0x0000000000001384       0x38 zephyr/libzephyr.a(log_core.c.obj)
                0x0000000000001384                dropped_notify
 .text.z_log_msg2_init
                0x00000000000013bc       0x10 zephyr/libzephyr.a(log_core.c.obj)
                0x00000000000013bc                z_log_msg2_init
 .text.log_core_init
                0x00000000000013cc       0x34 zephyr/libzephyr.a(log_core.c.obj)
                0x00000000000013cc                log_core_init
 .text.z_log_msg2_alloc
                0x0000000000001400       0x10 zephyr/libzephyr.a(log_core.c.obj)
                0x0000000000001400                z_log_msg2_alloc
 .text.z_log_msg2_claim
                0x0000000000001410        0xc zephyr/libzephyr.a(log_core.c.obj)
                0x0000000000001410                z_log_msg2_claim
 .text.z_log_msg2_free
                0x000000000000141c        0xc zephyr/libzephyr.a(log_core.c.obj)
                0x000000000000141c                z_log_msg2_free
 .text.z_log_msg2_pending
                0x0000000000001428        0xc zephyr/libzephyr.a(log_core.c.obj)
                0x0000000000001428                z_log_msg2_pending
 .text.z_impl_log_process
                0x0000000000001434       0x8c zephyr/libzephyr.a(log_core.c.obj)
                0x0000000000001434                z_impl_log_process
 .text.log_process_thread_func
                0x00000000000014c0       0x48 zephyr/libzephyr.a(log_core.c.obj)
 .text.z_log_msg_post_finalize
                0x0000000000001508       0x8c zephyr/libzephyr.a(log_core.c.obj)
 .text.z_log_msg2_commit
                0x0000000000001594       0x24 zephyr/libzephyr.a(log_core.c.obj)
                0x0000000000001594                z_log_msg2_commit
 .text.z_impl_log_panic
                0x00000000000015b8       0x48 zephyr/libzephyr.a(log_core.c.obj)
                0x00000000000015b8                z_impl_log_panic
 .text.log_source_name_get
                0x0000000000001600       0x1c zephyr/libzephyr.a(log_mgmt.c.obj)
                0x0000000000001600                log_source_name_get
 .text.log_backend_enable
                0x000000000000161c       0x1c zephyr/libzephyr.a(log_mgmt.c.obj)
                0x000000000000161c                log_backend_enable
 .text.print_formatted
                0x0000000000001638       0x24 zephyr/libzephyr.a(log_output.c.obj)
 .text.hexdump_line_print
                0x000000000000165c       0xdc zephyr/libzephyr.a(log_output.c.obj)
 .text.prefix_print
                0x0000000000001738      0x148 zephyr/libzephyr.a(log_output.c.obj)
 .text.postfix_print
                0x0000000000001880       0x3c zephyr/libzephyr.a(log_output.c.obj)
 .text.log_output_msg2_process
                0x00000000000018bc       0xc8 zephyr/libzephyr.a(log_output.c.obj)
                0x00000000000018bc                log_output_msg2_process
 .text.log_output_dropped_process
                0x0000000000001984       0x58 zephyr/libzephyr.a(log_output.c.obj)
                0x0000000000001984                log_output_dropped_process
 .text.log_output_timestamp_freq_set
                0x00000000000019dc       0x30 zephyr/libzephyr.a(log_output.c.obj)
                0x00000000000019dc                log_output_timestamp_freq_set
 .text.char_out
                0x0000000000001a0c       0x24 zephyr/libzephyr.a(log_backend_uart.c.obj)
 .text.format_set
                0x0000000000001a30        0xc zephyr/libzephyr.a(log_backend_uart.c.obj)
 .text.log_backend_uart_init
                0x0000000000001a3c       0x10 zephyr/libzephyr.a(log_backend_uart.c.obj)
 .text.panic    0x0000000000001a4c       0x14 zephyr/libzephyr.a(log_backend_uart.c.obj)
 .text.dropped  0x0000000000001a60        0xc zephyr/libzephyr.a(log_backend_uart.c.obj)
 .text.process  0x0000000000001a6c       0x24 zephyr/libzephyr.a(log_backend_uart.c.obj)
 .text.log_backend_rtt_init
                0x0000000000001a90        0xc zephyr/libzephyr.a(log_backend_rtt.c.obj)
 .text.format_set
                0x0000000000001a9c        0xc zephyr/libzephyr.a(log_backend_rtt.c.obj)
 .text.panic    0x0000000000001aa8       0x14 zephyr/libzephyr.a(log_backend_rtt.c.obj)
 .text.dropped  0x0000000000001abc        0xc zephyr/libzephyr.a(log_backend_rtt.c.obj)
 .text.process  0x0000000000001ac8       0x24 zephyr/libzephyr.a(log_backend_rtt.c.obj)
 .text.on_failed_write.part.0
                0x0000000000001aec       0x1c zephyr/libzephyr.a(log_backend_rtt.c.obj)
 .text.data_out_block_mode
                0x0000000000001b08       0xa0 zephyr/libzephyr.a(log_backend_rtt.c.obj)
 .text.pm_state_notify
                0x0000000000001ba8       0x5c zephyr/libzephyr.a(pm.c.obj)
 .text.atomic_clear_bit.constprop.0
                0x0000000000001c04       0x30 zephyr/libzephyr.a(pm.c.obj)
 .text.pm_system_resume
                0x0000000000001c34       0x7c zephyr/libzephyr.a(pm.c.obj)
                0x0000000000001c34                pm_system_resume
 .text.pm_system_suspend
                0x0000000000001cb0       0xec zephyr/libzephyr.a(pm.c.obj)
                0x0000000000001cb0                pm_system_suspend
 .text.pm_policy_state_lock_is_active
                0x0000000000001d9c       0x1c zephyr/libzephyr.a(policy.c.obj)
                0x0000000000001d9c                pm_policy_state_lock_is_active
 .text.pm_policy_next_state
                0x0000000000001db8       0x9c zephyr/libzephyr.a(policy.c.obj)
                0x0000000000001db8                pm_policy_next_state
 .text.pm_state_cpu_get_all
                0x0000000000001e54       0x10 zephyr/libzephyr.a(state.c.obj)
                0x0000000000001e54                pm_state_cpu_get_all
 .text.nrf_cc3xx_platform_abort_init
                0x0000000000001e64        0xc zephyr/libzephyr.a(nrf_cc3xx_platform_abort_zephyr.c.obj)
                0x0000000000001e64                nrf_cc3xx_platform_abort_init
 .text.mutex_free_platform
                0x0000000000001e70       0x48 zephyr/libzephyr.a(nrf_cc3xx_platform_mutex_zephyr.c.obj)
 .text.mutex_lock_platform
                0x0000000000001eb8       0x58 zephyr/libzephyr.a(nrf_cc3xx_platform_mutex_zephyr.c.obj)
 .text.mutex_unlock_platform
                0x0000000000001f10       0x4c zephyr/libzephyr.a(nrf_cc3xx_platform_mutex_zephyr.c.obj)
 .text.mutex_init_platform
                0x0000000000001f5c       0x70 zephyr/libzephyr.a(nrf_cc3xx_platform_mutex_zephyr.c.obj)
 .text.nrf_cc3xx_platform_mutex_init
                0x0000000000001fcc       0x2c zephyr/libzephyr.a(nrf_cc3xx_platform_mutex_zephyr.c.obj)
                0x0000000000001fcc                nrf_cc3xx_platform_mutex_init
 .text.z_arm_cpu_idle_init
                0x0000000000001ff8        0xc zephyr/arch/arch/arm/core/aarch32/libarch__arm__core__aarch32.a(cpu_idle.S.obj)
                0x0000000000001ff8                z_arm_cpu_idle_init
 .text.arch_cpu_idle
                0x0000000000002004       0x1c zephyr/arch/arch/arm/core/aarch32/libarch__arm__core__aarch32.a(cpu_idle.S.obj)
                0x0000000000002004                arch_cpu_idle
 .text.arch_cpu_atomic_idle
                0x0000000000002020       0x14 zephyr/arch/arch/arm/core/aarch32/libarch__arm__core__aarch32.a(cpu_idle.S.obj)
                0x0000000000002020                arch_cpu_atomic_idle
 .text.z_arm_fatal_error
                0x0000000000002034       0xcc zephyr/arch/arch/arm/core/aarch32/libarch__arm__core__aarch32.a(fatal.c.obj)
                0x0000000000002034                z_arm_fatal_error
 .text.arch_irq_enable
                0x0000000000002100       0x20 zephyr/arch/arch/arm/core/aarch32/libarch__arm__core__aarch32.a(irq_manage.c.obj)
                0x0000000000002100                arch_irq_enable
 .text.arch_irq_is_enabled
                0x0000000000002120       0x1c zephyr/arch/arch/arm/core/aarch32/libarch__arm__core__aarch32.a(irq_manage.c.obj)
                0x0000000000002120                arch_irq_is_enabled
 .text.z_arm_irq_priority_set
                0x000000000000213c       0x30 zephyr/arch/arch/arm/core/aarch32/libarch__arm__core__aarch32.a(irq_manage.c.obj)
                0x000000000000213c                z_arm_irq_priority_set
 .text.z_SysNmiOnReset
                0x000000000000216c        0x8 zephyr/arch/arch/arm/core/aarch32/libarch__arm__core__aarch32.a(nmi_on_reset.S.obj)
                0x000000000000216c                z_SysNmiOnReset
 .text.z_arm_prep_c
                0x0000000000002174       0x38 zephyr/arch/arch/arm/core/aarch32/libarch__arm__core__aarch32.a(prep_c.c.obj)
                0x0000000000002174                z_arm_prep_c
 .text.arch_swap
                0x00000000000021ac       0x34 zephyr/arch/arch/arm/core/aarch32/libarch__arm__core__aarch32.a(swap.c.obj)
                0x00000000000021ac                arch_swap
 .text.z_arm_pendsv
                0x00000000000021e0       0x54 zephyr/arch/arch/arm/core/aarch32/libarch__arm__core__aarch32.a(swap_helper.S.obj)
                0x00000000000021e0                z_arm_pendsv
 .text.z_arm_svc
                0x0000000000002234       0x20 zephyr/arch/arch/arm/core/aarch32/libarch__arm__core__aarch32.a(swap_helper.S.obj)
                0x0000000000002234                z_arm_svc
 .text.arch_new_thread
                0x0000000000002254       0x38 zephyr/arch/arch/arm/core/aarch32/libarch__arm__core__aarch32.a(thread.c.obj)
                0x0000000000002254                arch_new_thread
 .text.z_check_thread_stack_fail
                0x000000000000228c       0x2c zephyr/arch/arch/arm/core/aarch32/libarch__arm__core__aarch32.a(thread.c.obj)
                0x000000000000228c                z_check_thread_stack_fail
 .text.arch_switch_to_main_thread
                0x00000000000022b8       0x2c zephyr/arch/arch/arm/core/aarch32/libarch__arm__core__aarch32.a(thread.c.obj)
                0x00000000000022b8                arch_switch_to_main_thread
 .text._isr_wrapper
                0x00000000000022e4       0x40 zephyr/arch/arch/arm/core/aarch32/libarch__arm__core__aarch32.a(isr_wrapper.S.obj)
                0x00000000000022e4                _isr_wrapper
 .text._HandlerModeExit
                0x0000000000002324       0x1c zephyr/arch/arch/arm/core/aarch32/cortex_m/libarch__arm__core__aarch32__cortex_m.a(exc_exit.S.obj)
                0x0000000000002324                z_arm_int_exit
                0x0000000000002324                z_arm_exc_exit
 .text.bus_fault.constprop.0
                0x0000000000002340      0x130 zephyr/arch/arch/arm/core/aarch32/cortex_m/libarch__arm__core__aarch32__cortex_m.a(fault.c.obj)
 .text.usage_fault.constprop.0
                0x0000000000002470       0xf8 zephyr/arch/arch/arm/core/aarch32/cortex_m/libarch__arm__core__aarch32__cortex_m.a(fault.c.obj)
 .text.mem_manage_fault
                0x0000000000002568      0x170 zephyr/arch/arch/arm/core/aarch32/cortex_m/libarch__arm__core__aarch32__cortex_m.a(fault.c.obj)
 .text.z_arm_fault
                0x00000000000026d8      0x214 zephyr/arch/arch/arm/core/aarch32/cortex_m/libarch__arm__core__aarch32__cortex_m.a(fault.c.obj)
                0x00000000000026d8                z_arm_fault
 .text.z_arm_fault_init
                0x00000000000028ec       0x10 zephyr/arch/arch/arm/core/aarch32/cortex_m/libarch__arm__core__aarch32__cortex_m.a(fault.c.obj)
                0x00000000000028ec                z_arm_fault_init
 .text.__fault  0x00000000000028fc       0x14 zephyr/arch/arch/arm/core/aarch32/cortex_m/libarch__arm__core__aarch32__cortex_m.a(fault_s.S.obj)
                0x00000000000028fc                z_arm_usage_fault
                0x00000000000028fc                z_arm_mpu_fault
                0x00000000000028fc                z_arm_exc_spurious
                0x00000000000028fc                z_arm_debug_monitor
                0x00000000000028fc                z_arm_hard_fault
                0x00000000000028fc                z_arm_bus_fault
 .text.z_arm_interrupt_init
                0x0000000000002910       0x18 zephyr/arch/arch/arm/core/aarch32/cortex_m/libarch__arm__core__aarch32__cortex_m.a(irq_init.c.obj)
                0x0000000000002910                z_arm_interrupt_init
 .text._reset_section
                0x0000000000002928       0x54 zephyr/arch/arch/arm/core/aarch32/cortex_m/libarch__arm__core__aarch32__cortex_m.a(reset.S.obj)
                0x0000000000002928                __start
                0x0000000000002928                z_arm_reset
 .text.z_arm_clear_arm_mpu_config
                0x000000000000297c       0x24 zephyr/arch/arch/arm/core/aarch32/cortex_m/libarch__arm__core__aarch32__cortex_m.a(scb.c.obj)
                0x000000000000297c                z_arm_clear_arm_mpu_config
 .text.z_arm_init_arch_hw_at_boot
                0x00000000000029a0       0x64 zephyr/arch/arch/arm/core/aarch32/cortex_m/libarch__arm__core__aarch32__cortex_m.a(scb.c.obj)
                0x00000000000029a0                z_arm_init_arch_hw_at_boot
 .text.z_impl_k_thread_abort
                0x0000000000002a04       0x2c zephyr/arch/arch/arm/core/aarch32/cortex_m/libarch__arm__core__aarch32__cortex_m.a(thread_abort.c.obj)
                0x0000000000002a04                z_impl_k_thread_abort
 .text.z_arm_configure_static_mpu_regions
                0x0000000000002a30       0x18 zephyr/arch/arch/arm/core/aarch32/mpu/libarch__arm__core__aarch32__mpu.a(arm_core_mpu.c.obj)
                0x0000000000002a30                z_arm_configure_static_mpu_regions
 .text.z_arm_configure_dynamic_mpu_regions
                0x0000000000002a48       0x20 zephyr/arch/arch/arm/core/aarch32/mpu/libarch__arm__core__aarch32__mpu.a(arm_core_mpu.c.obj)
                0x0000000000002a48                z_arm_configure_dynamic_mpu_regions
 .text.mpu_configure_regions
                0x0000000000002a68       0xc8 zephyr/arch/arch/arm/core/aarch32/mpu/libarch__arm__core__aarch32__mpu.a(arm_mpu.c.obj)
 .text.arm_core_mpu_enable
                0x0000000000002b30       0x18 zephyr/arch/arch/arm/core/aarch32/mpu/libarch__arm__core__aarch32__mpu.a(arm_mpu.c.obj)
                0x0000000000002b30                arm_core_mpu_enable
 .text.arm_core_mpu_disable
                0x0000000000002b48       0x14 zephyr/arch/arch/arm/core/aarch32/mpu/libarch__arm__core__aarch32__mpu.a(arm_mpu.c.obj)
                0x0000000000002b48                arm_core_mpu_disable
 .text.arm_core_mpu_configure_static_mpu_regions
                0x0000000000002b5c       0x14 zephyr/arch/arch/arm/core/aarch32/mpu/libarch__arm__core__aarch32__mpu.a(arm_mpu.c.obj)
                0x0000000000002b5c                arm_core_mpu_configure_static_mpu_regions
 .text.arm_core_mpu_configure_dynamic_mpu_regions
                0x0000000000002b70       0x30 zephyr/arch/arch/arm/core/aarch32/mpu/libarch__arm__core__aarch32__mpu.a(arm_mpu.c.obj)
                0x0000000000002b70                arm_core_mpu_configure_dynamic_mpu_regions
 .text.z_arm_mpu_init
                0x0000000000002ba0       0x60 zephyr/arch/arch/arm/core/aarch32/mpu/libarch__arm__core__aarch32__mpu.a(arm_mpu.c.obj)
                0x0000000000002ba0                z_arm_mpu_init
 .text.__stdout_hook_install
                0x0000000000002c00        0xc zephyr/lib/libc/minimal/liblib__libc__minimal.a(stdout_console.c.obj)
                0x0000000000002c00                __stdout_hook_install
 .text.nordicsemi_nrf52_init
                0x0000000000002c0c       0x60 zephyr/soc/arm/nordic_nrf/nrf52/libsoc__arm__nordic_nrf__nrf52.a(soc.c.obj)
 .text.sys_arch_reboot
                0x0000000000002c6c       0x2c zephyr/soc/arm/nordic_nrf/nrf52/libsoc__arm__nordic_nrf__nrf52.a(soc.c.obj)
                0x0000000000002c6c                sys_arch_reboot
 .text.arch_busy_wait
                0x0000000000002c98       0x14 zephyr/soc/arm/nordic_nrf/nrf52/libsoc__arm__nordic_nrf__nrf52.a(soc.c.obj)
                0x0000000000002c98                arch_busy_wait
 .text.onoff_stop
                0x0000000000002cac       0x30 zephyr/drivers/clock_control/libdrivers__clock_control.a(clock_control_nrf.c.obj)
 .text.onoff_start
                0x0000000000002cdc       0x44 zephyr/drivers/clock_control/libdrivers__clock_control.a(clock_control_nrf.c.obj)
 .text.clk_init
                0x0000000000002d20       0x58 zephyr/drivers/clock_control/libdrivers__clock_control.a(clock_control_nrf.c.obj)
 .text.clkstarted_handle.constprop.0
                0x0000000000002d78       0x34 zephyr/drivers/clock_control/libdrivers__clock_control.a(clock_control_nrf.c.obj)
 .text.clock_event_handler
                0x0000000000002dac       0x1c zephyr/drivers/clock_control/libdrivers__clock_control.a(clock_control_nrf.c.obj)
 .text.generic_hfclk_start
                0x0000000000002dc8       0x64 zephyr/drivers/clock_control/libdrivers__clock_control.a(clock_control_nrf.c.obj)
 .text.api_blocking_start
                0x0000000000002e2c       0x34 zephyr/drivers/clock_control/libdrivers__clock_control.a(clock_control_nrf.c.obj)
 .text.generic_hfclk_stop
                0x0000000000002e60       0x2c zephyr/drivers/clock_control/libdrivers__clock_control.a(clock_control_nrf.c.obj)
 .text.z_nrf_clock_control_lf_on
                0x0000000000002e8c      0x100 zephyr/drivers/clock_control/libdrivers__clock_control.a(clock_control_nrf.c.obj)
                0x0000000000002e8c                z_nrf_clock_control_lf_on
 .text.uart_console_init
                0x0000000000002f8c       0x30 zephyr/drivers/console/libdrivers__console.a(uart_console.c.obj)
 .text.console_out
                0x0000000000002fbc       0x28 zephyr/drivers/console/libdrivers__console.a(uart_console.c.obj)
 .text.gpio_nrfx_pin_interrupt_configure
                0x0000000000002fe4       0xd4 zephyr/drivers/gpio/libdrivers__gpio.a(gpio_nrfx.c.obj)
 .text.gpio_nrfx_init
                0x00000000000030b8       0x38 zephyr/drivers/gpio/libdrivers__gpio.a(gpio_nrfx.c.obj)
 .text.nrfx_gpio_handler
                0x00000000000030f0       0x44 zephyr/drivers/gpio/libdrivers__gpio.a(gpio_nrfx.c.obj)
 .text.gpio_nrfx_pin_configure
                0x0000000000003134      0x158 zephyr/drivers/gpio/libdrivers__gpio.a(gpio_nrfx.c.obj)
 .text.uarte_nrfx_tx
                0x000000000000328c       0xb0 zephyr/drivers/serial/libdrivers__serial.a(uart_nrfx_uarte.c.obj)
 .text.uarte_nrfx_configure
                0x000000000000333c      0x164 zephyr/drivers/serial/libdrivers__serial.a(uart_nrfx_uarte.c.obj)
 .text.uarte_instance_init.constprop.0
                0x00000000000034a0      0x19c zephyr/drivers/serial/libdrivers__serial.a(uart_nrfx_uarte.c.obj)
 .text.uarte_nrfx_poll_out
                0x000000000000363c       0xb4 zephyr/drivers/serial/libdrivers__serial.a(uart_nrfx_uarte.c.obj)
 .text.uarte_nrfx_isr_async
                0x00000000000036f0      0x350 zephyr/drivers/serial/libdrivers__serial.a(uart_nrfx_uarte.c.obj)
 .text.compare_int_lock
                0x0000000000003a40       0x50 zephyr/drivers/timer/libdrivers__timer.a(nrf_rtc_timer.c.obj)
 .text.sys_clock_timeout_handler
                0x0000000000003a90       0x78 zephyr/drivers/timer/libdrivers__timer.a(nrf_rtc_timer.c.obj)
 .text.compare_int_unlock
                0x0000000000003b08       0x5c zephyr/drivers/timer/libdrivers__timer.a(nrf_rtc_timer.c.obj)
 .text.z_nrf_rtc_timer_read
                0x0000000000003b64       0x44 zephyr/drivers/timer/libdrivers__timer.a(nrf_rtc_timer.c.obj)
                0x0000000000003b64                z_nrf_rtc_timer_read
 .text.compare_set
                0x0000000000003ba8      0x148 zephyr/drivers/timer/libdrivers__timer.a(nrf_rtc_timer.c.obj)
 .text.sys_clock_driver_init
                0x0000000000003cf0       0x80 zephyr/drivers/timer/libdrivers__timer.a(nrf_rtc_timer.c.obj)
 .text.rtc_nrf_isr
                0x0000000000003d70       0xec zephyr/drivers/timer/libdrivers__timer.a(nrf_rtc_timer.c.obj)
                0x0000000000003d70                rtc_nrf_isr
 .text.sys_clock_set_timeout
                0x0000000000003e5c       0x64 zephyr/drivers/timer/libdrivers__timer.a(nrf_rtc_timer.c.obj)
                0x0000000000003e5c                sys_clock_set_timeout
 .text.sys_clock_elapsed
                0x0000000000003ec0       0x14 zephyr/drivers/timer/libdrivers__timer.a(nrf_rtc_timer.c.obj)
                0x0000000000003ec0                sys_clock_elapsed
 .text.nrf_gpio_pin_clear
                0x0000000000003ed4       0x20 zephyr/drivers/pinctrl/libdrivers__pinctrl.a(pinctrl_nrf.c.obj)
 .text.nrf_pin_configure
                0x0000000000003ef4       0x44 zephyr/drivers/pinctrl/libdrivers__pinctrl.a(pinctrl_nrf.c.obj)
 .text.nrf_gpio_pin_set
                0x0000000000003f38       0x20 zephyr/drivers/pinctrl/libdrivers__pinctrl.a(pinctrl_nrf.c.obj)
 .text.k_sys_fatal_error_handler
                0x0000000000003f58       0x2c modules/nrf/lib/fatal_error/lib..__nrf__lib__fatal_error.a(fatal_error.c.obj)
                0x0000000000003f58                k_sys_fatal_error_handler
 .text.nrf52_errata_98
                0x0000000000003f84       0x24 modules/hal_nordic/nrfx/libmodules__hal_nordic__nrfx.a(system_nrf52840.c.obj)
 .text.nvmc_wait
                0x0000000000003fa8       0x10 modules/hal_nordic/nrfx/libmodules__hal_nordic__nrfx.a(system_nrf52840.c.obj)
                0x0000000000003fa8                nvmc_wait
 .text.SystemInit
                0x0000000000003fb8      0x1d4 modules/hal_nordic/nrfx/libmodules__hal_nordic__nrfx.a(system_nrf52840.c.obj)
                0x0000000000003fb8                SystemInit
 .text.nrfx_flag32_alloc
                0x000000000000418c       0x4c modules/hal_nordic/nrfx/libmodules__hal_nordic__nrfx.a(nrfx_flag32_allocator.c.obj)
                0x000000000000418c                nrfx_flag32_alloc
 .text.nrfx_flag32_free
                0x00000000000041d8       0x44 modules/hal_nordic/nrfx/libmodules__hal_nordic__nrfx.a(nrfx_flag32_allocator.c.obj)
                0x00000000000041d8                nrfx_flag32_free
 .text.clock_stop
                0x000000000000421c       0xa8 modules/hal_nordic/nrfx/libmodules__hal_nordic__nrfx.a(nrfx_clock.c.obj)
 .text.nrfx_clock_init
                0x00000000000042c4       0x20 modules/hal_nordic/nrfx/libmodules__hal_nordic__nrfx.a(nrfx_clock.c.obj)
                0x00000000000042c4                nrfx_clock_init
 .text.nrfx_power_clock_irq_handler
                0x00000000000042e4       0x68 modules/hal_nordic/nrfx/libmodules__hal_nordic__nrfx.a(nrfx_clock.c.obj)
                0x00000000000042e4                nrfx_power_clock_irq_handler
 .text.nrf_gpio_pin_port_decode
                0x000000000000434c       0x1c modules/hal_nordic/nrfx/libmodules__hal_nordic__nrfx.a(nrfx_gpiote.c.obj)
 .text.pin_in_use_by_te
                0x0000000000004368       0x14 modules/hal_nordic/nrfx/libmodules__hal_nordic__nrfx.a(nrfx_gpiote.c.obj)
 .text.call_handler
                0x000000000000437c       0x3c modules/hal_nordic/nrfx/libmodules__hal_nordic__nrfx.a(nrfx_gpiote.c.obj)
 .text.release_handler
                0x00000000000043b8       0x54 modules/hal_nordic/nrfx/libmodules__hal_nordic__nrfx.a(nrfx_gpiote.c.obj)
 .text.pin_handler_trigger_uninit
                0x000000000000440c       0x38 modules/hal_nordic/nrfx/libmodules__hal_nordic__nrfx.a(nrfx_gpiote.c.obj)
 .text.nrfx_gpiote_input_configure
                0x0000000000004444      0x15c modules/hal_nordic/nrfx/libmodules__hal_nordic__nrfx.a(nrfx_gpiote.c.obj)
                0x0000000000004444                nrfx_gpiote_input_configure
 .text.nrfx_gpiote_output_configure
                0x00000000000045a0       0xe4 modules/hal_nordic/nrfx/libmodules__hal_nordic__nrfx.a(nrfx_gpiote.c.obj)
                0x00000000000045a0                nrfx_gpiote_output_configure
 .text.nrfx_gpiote_global_callback_set
                0x0000000000004684        0xc modules/hal_nordic/nrfx/libmodules__hal_nordic__nrfx.a(nrfx_gpiote.c.obj)
                0x0000000000004684                nrfx_gpiote_global_callback_set
 .text.nrfx_gpiote_channel_get
                0x0000000000004690       0x2c modules/hal_nordic/nrfx/libmodules__hal_nordic__nrfx.a(nrfx_gpiote.c.obj)
                0x0000000000004690                nrfx_gpiote_channel_get
 .text.nrfx_gpiote_init
                0x00000000000046bc       0x50 modules/hal_nordic/nrfx/libmodules__hal_nordic__nrfx.a(nrfx_gpiote.c.obj)
                0x00000000000046bc                nrfx_gpiote_init
 .text.nrfx_gpiote_is_init
                0x000000000000470c       0x14 modules/hal_nordic/nrfx/libmodules__hal_nordic__nrfx.a(nrfx_gpiote.c.obj)
                0x000000000000470c                nrfx_gpiote_is_init
 .text.nrfx_gpiote_channel_free
                0x0000000000004720        0xc modules/hal_nordic/nrfx/libmodules__hal_nordic__nrfx.a(nrfx_gpiote.c.obj)
                0x0000000000004720                nrfx_gpiote_channel_free
 .text.nrfx_gpiote_channel_alloc
                0x000000000000472c        0xc modules/hal_nordic/nrfx/libmodules__hal_nordic__nrfx.a(nrfx_gpiote.c.obj)
                0x000000000000472c                nrfx_gpiote_channel_alloc
 .text.nrfx_gpiote_trigger_enable
                0x0000000000004738       0x90 modules/hal_nordic/nrfx/libmodules__hal_nordic__nrfx.a(nrfx_gpiote.c.obj)
                0x0000000000004738                nrfx_gpiote_trigger_enable
 .text.nrfx_gpiote_trigger_disable
                0x00000000000047c8       0x50 modules/hal_nordic/nrfx/libmodules__hal_nordic__nrfx.a(nrfx_gpiote.c.obj)
                0x00000000000047c8                nrfx_gpiote_trigger_disable
 .text.nrfx_gpiote_pin_uninit
                0x0000000000004818       0x48 modules/hal_nordic/nrfx/libmodules__hal_nordic__nrfx.a(nrfx_gpiote.c.obj)
                0x0000000000004818                nrfx_gpiote_pin_uninit
 .text.nrfx_gpiote_irq_handler
                0x0000000000004860      0x1ac modules/hal_nordic/nrfx/libmodules__hal_nordic__nrfx.a(nrfx_gpiote.c.obj)
                0x0000000000004860                nrfx_gpiote_irq_handler
 .text.nrfx_ppi_channel_alloc
                0x0000000000004a0c        0xc modules/hal_nordic/nrfx/libmodules__hal_nordic__nrfx.a(nrfx_ppi.c.obj)
                0x0000000000004a0c                nrfx_ppi_channel_alloc
 .text._DoInit  0x0000000000004a18       0x60 modules/segger/libmodules__segger.a(SEGGER_RTT.c.obj)
 .text.SEGGER_RTT_WriteSkipNoLock
                0x0000000000004a78       0x98 modules/segger/libmodules__segger.a(SEGGER_RTT.c.obj)
                0x0000000000004a78                SEGGER_RTT_WriteSkipNoLock
 .text.SEGGER_RTT_HasDataUp
                0x0000000000004b10       0x14 modules/segger/libmodules__segger.a(SEGGER_RTT.c.obj)
                0x0000000000004b10                SEGGER_RTT_HasDataUp
 .text.z_sys_init_run_level
                0x0000000000004b24       0x40 zephyr/kernel/libkernel.a(device.c.obj)
                0x0000000000004b24                z_sys_init_run_level
 .text.z_fatal_error
                0x0000000000004b64       0xfc zephyr/kernel/libkernel.a(fatal.c.obj)
                0x0000000000004b64                z_fatal_error
 .text.bg_thread_main
                0x0000000000004c60       0x34 zephyr/kernel/libkernel.a(init.c.obj)
 .text.z_bss_zero
                0x0000000000004c94       0x18 zephyr/kernel/libkernel.a(init.c.obj)
                0x0000000000004c94                z_bss_zero
 .text.z_init_cpu
                0x0000000000004cac       0x70 zephyr/kernel/libkernel.a(init.c.obj)
                0x0000000000004cac                z_init_cpu
 .text.z_cstart
                0x0000000000004d1c       0xd8 zephyr/kernel/libkernel.a(init.c.obj)
                0x0000000000004d1c                z_cstart
 .text.init_mem_slab_module
                0x0000000000004df4       0x44 zephyr/kernel/libkernel.a(mem_slab.c.obj)
 .text.k_mem_slab_alloc
                0x0000000000004e38       0x5c zephyr/kernel/libkernel.a(mem_slab.c.obj)
                0x0000000000004e38                k_mem_slab_alloc
 .text.z_setup_new_thread
                0x0000000000004e94       0x64 zephyr/kernel/libkernel.a(thread.c.obj)
                0x0000000000004e94                z_setup_new_thread
 .text.z_impl_k_thread_create
                0x0000000000004ef8       0x58 zephyr/kernel/libkernel.a(thread.c.obj)
                0x0000000000004ef8                z_impl_k_thread_create
 .text.z_init_static_threads
                0x0000000000004f50       0xb8 zephyr/kernel/libkernel.a(thread.c.obj)
                0x0000000000004f50                z_init_static_threads
 .text.idle     0x0000000000005008       0x38 zephyr/kernel/libkernel.a(idle.c.obj)
                0x0000000000005008                idle
 .text.z_impl_k_mutex_lock
                0x0000000000005040       0xf0 zephyr/kernel/libkernel.a(mutex.c.obj)
                0x0000000000005040                z_impl_k_mutex_lock
 .text.z_impl_k_mutex_unlock
                0x0000000000005130       0x84 zephyr/kernel/libkernel.a(mutex.c.obj)
                0x0000000000005130                z_impl_k_mutex_unlock
 .text.z_impl_k_sem_give
                0x00000000000051b4       0x40 zephyr/kernel/libkernel.a(sem.c.obj)
                0x00000000000051b4                z_impl_k_sem_give
 .text.z_impl_k_sem_take
                0x00000000000051f4       0x50 zephyr/kernel/libkernel.a(sem.c.obj)
                0x00000000000051f4                z_impl_k_sem_take
 .text.z_reset_time_slice
                0x0000000000005244       0x28 zephyr/kernel/libkernel.a(sched.c.obj)
                0x0000000000005244                z_reset_time_slice
 .text.k_sched_time_slice_set
                0x000000000000526c       0x64 zephyr/kernel/libkernel.a(sched.c.obj)
                0x000000000000526c                k_sched_time_slice_set
 .text.z_reschedule
                0x00000000000052d0       0x24 zephyr/kernel/libkernel.a(sched.c.obj)
                0x00000000000052d0                z_reschedule
 .text.k_sched_lock
                0x00000000000052f4       0x28 zephyr/kernel/libkernel.a(sched.c.obj)
                0x00000000000052f4                k_sched_lock
 .text.update_cache
                0x000000000000531c       0x40 zephyr/kernel/libkernel.a(sched.c.obj)
 .text.move_thread_to_end_of_prio_q
                0x000000000000535c       0x74 zephyr/kernel/libkernel.a(sched.c.obj)
 .text.z_time_slice
                0x00000000000053d0       0x84 zephyr/kernel/libkernel.a(sched.c.obj)
                0x00000000000053d0                z_time_slice
 .text.ready_thread
                0x0000000000005454       0x6c zephyr/kernel/libkernel.a(sched.c.obj)
 .text.z_sched_start
                0x00000000000054c0       0x3c zephyr/kernel/libkernel.a(sched.c.obj)
                0x00000000000054c0                z_sched_start
 .text.unready_thread
                0x00000000000054fc       0x30 zephyr/kernel/libkernel.a(sched.c.obj)
 .text.pend     0x000000000000552c       0x4c zephyr/kernel/libkernel.a(sched.c.obj)
 .text.z_pend_curr
                0x0000000000005578       0x28 zephyr/kernel/libkernel.a(sched.c.obj)
                0x0000000000005578                z_pend_curr
 .text.z_set_prio
                0x00000000000055a0       0x90 zephyr/kernel/libkernel.a(sched.c.obj)
                0x00000000000055a0                z_set_prio
 .text.z_impl_k_thread_suspend
                0x0000000000005630       0x64 zephyr/kernel/libkernel.a(sched.c.obj)
                0x0000000000005630                z_impl_k_thread_suspend
 .text.k_sched_unlock
                0x0000000000005694       0x38 zephyr/kernel/libkernel.a(sched.c.obj)
                0x0000000000005694                k_sched_unlock
 .text.z_sched_init
                0x00000000000056cc       0x18 zephyr/kernel/libkernel.a(sched.c.obj)
                0x00000000000056cc                z_sched_init
 .text.z_impl_k_yield
                0x00000000000056e4       0x80 zephyr/kernel/libkernel.a(sched.c.obj)
                0x00000000000056e4                z_impl_k_yield
 .text.z_tick_sleep
                0x0000000000005764       0x90 zephyr/kernel/libkernel.a(sched.c.obj)
 .text.z_impl_k_sleep
                0x00000000000057f4       0x34 zephyr/kernel/libkernel.a(sched.c.obj)
                0x00000000000057f4                z_impl_k_sleep
 .text.z_impl_z_current_get
                0x0000000000005828        0xc zephyr/kernel/libkernel.a(sched.c.obj)
                0x0000000000005828                z_impl_z_current_get
 .text.z_thread_abort
                0x0000000000005834       0xa4 zephyr/kernel/libkernel.a(sched.c.obj)
                0x0000000000005834                z_thread_abort
 .text.z_data_copy
                0x00000000000058d8       0x34 zephyr/kernel/libkernel.a(xip.c.obj)
                0x00000000000058d8                z_data_copy
 .text.elapsed  0x000000000000590c       0x14 zephyr/kernel/libkernel.a(timeout.c.obj)
 .text.next_timeout
                0x0000000000005920       0x4c zephyr/kernel/libkernel.a(timeout.c.obj)
 .text.remove_timeout
                0x000000000000596c       0x34 zephyr/kernel/libkernel.a(timeout.c.obj)
 .text.z_add_timeout
                0x00000000000059a0       0xf4 zephyr/kernel/libkernel.a(timeout.c.obj)
                0x00000000000059a0                z_add_timeout
 .text.sys_clock_announce
                0x0000000000005a94       0xb8 zephyr/kernel/libkernel.a(timeout.c.obj)
                0x0000000000005a94                sys_clock_announce
 .text.sys_clock_tick_get
                0x0000000000005b4c       0x30 zephyr/kernel/libkernel.a(timeout.c.obj)
                0x0000000000005b4c                sys_clock_tick_get
 .text.z_timer_expiration_handler
                0x0000000000005b7c       0x8c zephyr/kernel/libkernel.a(timer.c.obj)
                0x0000000000005b7c                z_timer_expiration_handler
 .text.z_impl_k_timer_start
                0x0000000000005c08       0xa4 zephyr/kernel/libkernel.a(timer.c.obj)
                0x0000000000005c08                z_impl_k_timer_start
 .text.boot_banner
                0x0000000000005cac       0x18 zephyr/kernel/libkernel.a(banner.c.obj)
                0x0000000000005cac                boot_banner
 .text.nrf_cc3xx_platform_init_no_rng
                0x0000000000005cc4       0x38 C:/nordicsemi/v2.0.0/nrfxlib/crypto/nrf_cc310_platform/lib/cortex-m4/soft-float/no-interrupts/libnrf_cc310_platform_0.9.14.a(nrf_cc3xx_platform.c.obj)
                0x0000000000005cc4                nrf_cc3xx_platform_init_no_rng
 .text.nrf_cc3xx_platform_abort
                0x0000000000005cfc       0x24 C:/nordicsemi/v2.0.0/nrfxlib/crypto/nrf_cc310_platform/lib/cortex-m4/soft-float/no-interrupts/libnrf_cc310_platform_0.9.14.a(nrf_cc3xx_platform_abort.c.obj)
 .text.CC_PalAbort
                0x0000000000005d20       0x34 C:/nordicsemi/v2.0.0/nrfxlib/crypto/nrf_cc310_platform/lib/cortex-m4/soft-float/no-interrupts/libnrf_cc310_platform_0.9.14.a(nrf_cc3xx_platform_abort.c.obj)
                0x0000000000005d20                CC_PalAbort
 .text.nrf_cc3xx_platform_set_abort
                0x0000000000005d54       0x10 C:/nordicsemi/v2.0.0/nrfxlib/crypto/nrf_cc310_platform/lib/cortex-m4/soft-float/no-interrupts/libnrf_cc310_platform_0.9.14.a(nrf_cc3xx_platform_abort.c.obj)
                0x0000000000005d54                nrf_cc3xx_platform_set_abort
 .text.mutex_free
                0x0000000000005d64       0x28 C:/nordicsemi/v2.0.0/nrfxlib/crypto/nrf_cc310_platform/lib/cortex-m4/soft-float/no-interrupts/libnrf_cc310_platform_0.9.14.a(nrf_cc3xx_platform_mutex.c.obj)
 .text.mutex_lock
                0x0000000000005d8c       0x40 C:/nordicsemi/v2.0.0/nrfxlib/crypto/nrf_cc310_platform/lib/cortex-m4/soft-float/no-interrupts/libnrf_cc310_platform_0.9.14.a(nrf_cc3xx_platform_mutex.c.obj)
 .text.mutex_unlock
                0x0000000000005dcc       0x2c C:/nordicsemi/v2.0.0/nrfxlib/crypto/nrf_cc310_platform/lib/cortex-m4/soft-float/no-interrupts/libnrf_cc310_platform_0.9.14.a(nrf_cc3xx_platform_mutex.c.obj)
 .text.mutex_init
                0x0000000000005df8       0x1c C:/nordicsemi/v2.0.0/nrfxlib/crypto/nrf_cc310_platform/lib/cortex-m4/soft-float/no-interrupts/libnrf_cc310_platform_0.9.14.a(nrf_cc3xx_platform_mutex.c.obj)
 .text.nrf_cc3xx_platform_set_mutexes
                0x0000000000005e14       0x60 C:/nordicsemi/v2.0.0/nrfxlib/crypto/nrf_cc310_platform/lib/cortex-m4/soft-float/no-interrupts/libnrf_cc310_platform_0.9.14.a(nrf_cc3xx_platform_mutex.c.obj)
                0x0000000000005e14                nrf_cc3xx_platform_set_mutexes
 .text.CC_LibInitNoRng
                0x0000000000005e74       0x64 C:/nordicsemi/v2.0.0/nrfxlib/crypto/nrf_cc310_platform/lib/cortex-m4/soft-float/no-interrupts/libnrf_cc310_platform_0.9.14.a(cc_lib.c.obj)
                0x0000000000005e74                CC_LibInitNoRng
 .text.CC_HalInit
                0x0000000000005ed8        0x4 C:/nordicsemi/v2.0.0/nrfxlib/crypto/nrf_cc310_platform/lib/cortex-m4/soft-float/no-interrupts/libnrf_cc310_platform_0.9.14.a(cc_hal.c.obj)
                0x0000000000005ed8                CC_HalInit
 .text.CC_HalTerminate
                0x0000000000005edc        0x4 C:/nordicsemi/v2.0.0/nrfxlib/crypto/nrf_cc310_platform/lib/cortex-m4/soft-float/no-interrupts/libnrf_cc310_platform_0.9.14.a(cc_hal.c.obj)
                0x0000000000005edc                CC_HalTerminate
 .text.CC_HalMaskInterrupt
                0x0000000000005ee0        0xc C:/nordicsemi/v2.0.0/nrfxlib/crypto/nrf_cc310_platform/lib/cortex-m4/soft-float/no-interrupts/libnrf_cc310_platform_0.9.14.a(cc_hal.c.obj)
                0x0000000000005ee0                CC_HalMaskInterrupt
 .text.CC_PalInit
                0x0000000000005eec       0x5c C:/nordicsemi/v2.0.0/nrfxlib/crypto/nrf_cc310_platform/lib/cortex-m4/soft-float/no-interrupts/libnrf_cc310_platform_0.9.14.a(cc_pal.c.obj)
                0x0000000000005eec                CC_PalInit
 .text.CC_PalTerminate
                0x0000000000005f48       0x34 C:/nordicsemi/v2.0.0/nrfxlib/crypto/nrf_cc310_platform/lib/cortex-m4/soft-float/no-interrupts/libnrf_cc310_platform_0.9.14.a(cc_pal.c.obj)
                0x0000000000005f48                CC_PalTerminate
 .text.CC_PalDmaInit
                0x0000000000005f7c        0x4 C:/nordicsemi/v2.0.0/nrfxlib/crypto/nrf_cc310_platform/lib/cortex-m4/soft-float/no-interrupts/libnrf_cc310_platform_0.9.14.a(cc_pal_dma.c.obj)
                0x0000000000005f7c                CC_PalDmaInit
 .text.CC_PalDmaTerminate
                0x0000000000005f80        0x4 C:/nordicsemi/v2.0.0/nrfxlib/crypto/nrf_cc310_platform/lib/cortex-m4/soft-float/no-interrupts/libnrf_cc310_platform_0.9.14.a(cc_pal_dma.c.obj)
                0x0000000000005f80                CC_PalDmaTerminate
 .text.CC_PalMutexCreate
                0x0000000000005f84       0x14 C:/nordicsemi/v2.0.0/nrfxlib/crypto/nrf_cc310_platform/lib/cortex-m4/soft-float/no-interrupts/libnrf_cc310_platform_0.9.14.a(cc_pal_mutex.c.obj)
                0x0000000000005f84                CC_PalMutexCreate
 .text.CC_PalMutexDestroy
                0x0000000000005f98       0x14 C:/nordicsemi/v2.0.0/nrfxlib/crypto/nrf_cc310_platform/lib/cortex-m4/soft-float/no-interrupts/libnrf_cc310_platform_0.9.14.a(cc_pal_mutex.c.obj)
                0x0000000000005f98                CC_PalMutexDestroy
 .text.CC_PalPowerSaveModeInit
                0x0000000000005fac       0x3c C:/nordicsemi/v2.0.0/nrfxlib/crypto/nrf_cc310_platform/lib/cortex-m4/soft-float/no-interrupts/libnrf_cc310_platform_0.9.14.a(cc_pal_pm.c.obj)
                0x0000000000005fac                CC_PalPowerSaveModeInit
 .text.CC_PalPowerSaveModeSelect
                0x0000000000005fe8       0x88 C:/nordicsemi/v2.0.0/nrfxlib/crypto/nrf_cc310_platform/lib/cortex-m4/soft-float/no-interrupts/libnrf_cc310_platform_0.9.14.a(cc_pal_pm.c.obj)
                0x0000000000005fe8                CC_PalPowerSaveModeSelect
 .text.gpio_pin_configure_dt.constprop.0
                0x0000000000006070       0x34 app/libapp.a(main.c.obj)
 .text.gpio_pin_toggle_dt.isra.0
                0x00000000000060a4       0x10 app/libapp.a(main.c.obj)
 .text.k_msleep.isra.0
                0x00000000000060b4       0x20 app/libapp.a(main.c.obj)
 .text.cbpprintf_external
                0x00000000000060d4       0x5a zephyr/libzephyr.a(cbprintf_packaged.c.obj)
                0x00000000000060d4                cbpprintf_external
 .text.sys_notify_validate
                0x000000000000612e       0x22 zephyr/libzephyr.a(notify.c.obj)
                0x000000000000612e                sys_notify_validate
 .text.sys_notify_finalize
                0x0000000000006150       0x1a zephyr/libzephyr.a(notify.c.obj)
                0x0000000000006150                sys_notify_finalize
 .text.arch_printk_char_out
                0x000000000000616a        0x4 zephyr/libzephyr.a(printk.c.obj)
                0x000000000000616a                arch_printk_char_out
 .text.str_out  0x000000000000616e       0x26 zephyr/libzephyr.a(printk.c.obj)
 .text.printk   0x0000000000006194       0x1a zephyr/libzephyr.a(printk.c.obj)
                0x0000000000006194                printk
 .text.snprintk
                0x00000000000061ae       0x1a zephyr/libzephyr.a(printk.c.obj)
                0x00000000000061ae                snprintk
 .text.process_recheck
                0x00000000000061c8       0x38 zephyr/libzephyr.a(onoff.c.obj)
 .text.notify_one
                0x0000000000006200       0x2c zephyr/libzephyr.a(onoff.c.obj)
 .text.transition_complete
                0x000000000000622c       0x1c zephyr/libzephyr.a(onoff.c.obj)
 .text.validate_args
                0x0000000000006248       0x1e zephyr/libzephyr.a(onoff.c.obj)
 .text.onoff_manager_init
                0x0000000000006266       0x26 zephyr/libzephyr.a(onoff.c.obj)
                0x0000000000006266                onoff_manager_init
 .text.onoff_request
                0x000000000000628c       0x92 zephyr/libzephyr.a(onoff.c.obj)
                0x000000000000628c                onoff_request
 .text.z_thread_entry
                0x000000000000631e       0x14 zephyr/libzephyr.a(thread_entry.c.obj)
                0x000000000000631e                z_thread_entry
 .text.encode_uint
                0x0000000000006332       0x8c zephyr/libzephyr.a(cbprintf_complete.c.obj)
 .text.outs     0x00000000000063be       0x2c zephyr/libzephyr.a(cbprintf_complete.c.obj)
 .text.free_space
                0x00000000000063ea       0x2a zephyr/libzephyr.a(mpsc_pbuf.c.obj)
 .text.get_usage
                0x0000000000006414       0x22 zephyr/libzephyr.a(mpsc_pbuf.c.obj)
 .text.idx_inc  0x0000000000006436       0x1c zephyr/libzephyr.a(mpsc_pbuf.c.obj)
 .text.add_skip_item
                0x0000000000006452       0x2c zephyr/libzephyr.a(mpsc_pbuf.c.obj)
 .text.max_utilization_update
                0x000000000000647e       0x22 zephyr/libzephyr.a(mpsc_pbuf.c.obj)
 .text.drop_item_locked
                0x00000000000064a0       0xb4 zephyr/libzephyr.a(mpsc_pbuf.c.obj)
 .text.mpsc_pbuf_init
                0x0000000000006554       0x42 zephyr/libzephyr.a(mpsc_pbuf.c.obj)
                0x0000000000006554                mpsc_pbuf_init
 .text.mpsc_pbuf_alloc
                0x0000000000006596       0xec zephyr/libzephyr.a(mpsc_pbuf.c.obj)
                0x0000000000006596                mpsc_pbuf_alloc
 .text.mpsc_pbuf_commit
                0x0000000000006682       0x40 zephyr/libzephyr.a(mpsc_pbuf.c.obj)
                0x0000000000006682                mpsc_pbuf_commit
 .text.mpsc_pbuf_claim
                0x00000000000066c2       0x98 zephyr/libzephyr.a(mpsc_pbuf.c.obj)
                0x00000000000066c2                mpsc_pbuf_claim
 .text.mpsc_pbuf_free
                0x000000000000675a       0x68 zephyr/libzephyr.a(mpsc_pbuf.c.obj)
                0x000000000000675a                mpsc_pbuf_free
 .text.mpsc_pbuf_is_pending
                0x00000000000067c2       0x16 zephyr/libzephyr.a(mpsc_pbuf.c.obj)
                0x00000000000067c2                mpsc_pbuf_is_pending
 .text._ConfigAbsSyms
                0x00000000000067d8        0x2 zephyr/libzephyr.a(configs.c.obj)
                0x00000000000067d8                _ConfigAbsSyms
 .text.log_msg2_generic_get_wlen
                0x00000000000067da       0x22 zephyr/libzephyr.a(log_core.c.obj)
 .text.default_get_timestamp
                0x00000000000067fc        0x4 zephyr/libzephyr.a(log_core.c.obj)
 .text.dummy_timestamp
                0x0000000000006800        0x4 zephyr/libzephyr.a(log_core.c.obj)
 .text.notify_drop
                0x0000000000006804        0x6 zephyr/libzephyr.a(log_core.c.obj)
 .text.get_msg  0x000000000000680a        0x8 zephyr/libzephyr.a(log_core.c.obj)
                0x000000000000680a                get_msg
 .text.z_log_get_tag
                0x0000000000006812        0x4 zephyr/libzephyr.a(log_core.c.obj)
                0x0000000000006812                z_log_get_tag
 .text.buffer_write
                0x0000000000006816       0x1a zephyr/libzephyr.a(log_output.c.obj)
 .text.log_output_flush
                0x0000000000006830       0x1a zephyr/libzephyr.a(log_output.c.obj)
                0x0000000000006830                log_output_flush
 .text.out_func
                0x000000000000684a       0x36 zephyr/libzephyr.a(log_output.c.obj)
 .text.cr_out_func
                0x0000000000006880       0x1a zephyr/libzephyr.a(log_output.c.obj)
 .text.z_log_msg2_finalize
                0x000000000000689a       0x36 zephyr/libzephyr.a(log_msg2.c.obj)
                0x000000000000689a                z_log_msg2_finalize
 .text.z_impl_z_log_msg2_static_create
                0x00000000000068d0       0x8a zephyr/libzephyr.a(log_msg2.c.obj)
                0x00000000000068d0                z_impl_z_log_msg2_static_create
 .text.abort_function
                0x000000000000695a        0x8 zephyr/libzephyr.a(nrf_cc3xx_platform_abort_zephyr.c.obj)
 .text.z_do_kernel_oops
                0x0000000000006962        0x8 zephyr/arch/arch/arm/core/aarch32/libarch__arm__core__aarch32.a(fatal.c.obj)
                0x0000000000006962                z_do_kernel_oops
 .text.z_irq_spurious
                0x000000000000696a        0x8 zephyr/arch/arch/arm/core/aarch32/libarch__arm__core__aarch32.a(irq_manage.c.obj)
                0x000000000000696a                z_irq_spurious
 .text.z_arm_nmi
                0x0000000000006972        0xe zephyr/arch/arch/arm/core/aarch32/libarch__arm__core__aarch32.a(nmi.c.obj)
                0x0000000000006972                z_arm_nmi
 .text.z_log_msg2_static_create.constprop.0
                0x0000000000006980        0x6 zephyr/arch/arch/arm/core/aarch32/cortex_m/libarch__arm__core__aarch32__cortex_m.a(fault.c.obj)
 .text.strcpy   0x0000000000006986       0x14 zephyr/lib/libc/minimal/liblib__libc__minimal.a(string.c.obj)
                0x0000000000006986                strcpy
 .text.strlen   0x000000000000699a        0xe zephyr/lib/libc/minimal/liblib__libc__minimal.a(string.c.obj)
                0x000000000000699a                strlen
 .text.strnlen  0x00000000000069a8       0x12 zephyr/lib/libc/minimal/liblib__libc__minimal.a(string.c.obj)
                0x00000000000069a8                strnlen
 .text.memcpy   0x00000000000069ba       0x16 zephyr/lib/libc/minimal/liblib__libc__minimal.a(string.c.obj)
                0x00000000000069ba                memcpy
 .text.memset   0x00000000000069d0       0x12 zephyr/lib/libc/minimal/liblib__libc__minimal.a(string.c.obj)
                0x00000000000069d0                memset
 .text._stdout_hook_default
                0x00000000000069e2        0x6 zephyr/lib/libc/minimal/liblib__libc__minimal.a(stdout_console.c.obj)
 .text.pm_state_set
                0x00000000000069e8       0x18 zephyr/soc/arm/nordic_nrf/nrf52/libsoc__arm__nordic_nrf__nrf52.a(power.c.obj)
                0x00000000000069e8                pm_state_set
 .text.pm_state_exit_post_ops
                0x0000000000006a00        0xc zephyr/soc/arm/nordic_nrf/nrf52/libsoc__arm__nordic_nrf__nrf52.a(power.c.obj)
                0x0000000000006a00                pm_state_exit_post_ops
 .text.get_status
                0x0000000000006a0c       0x12 zephyr/drivers/clock_control/libdrivers__clock_control.a(clock_control_nrf.c.obj)
 .text.set_on_state
                0x0000000000006a1e       0x26 zephyr/drivers/clock_control/libdrivers__clock_control.a(clock_control_nrf.c.obj)
 .text.stop     0x0000000000006a44       0x54 zephyr/drivers/clock_control/libdrivers__clock_control.a(clock_control_nrf.c.obj)
 .text.api_stop
                0x0000000000006a98        0x6 zephyr/drivers/clock_control/libdrivers__clock_control.a(clock_control_nrf.c.obj)
 .text.async_start
                0x0000000000006a9e       0x60 zephyr/drivers/clock_control/libdrivers__clock_control.a(clock_control_nrf.c.obj)
 .text.api_start
                0x0000000000006afe        0xe zephyr/drivers/clock_control/libdrivers__clock_control.a(clock_control_nrf.c.obj)
 .text.onoff_started_callback
                0x0000000000006b0c       0x12 zephyr/drivers/clock_control/libdrivers__clock_control.a(clock_control_nrf.c.obj)
 .text.lfclk_start
                0x0000000000006b1e        0x6 zephyr/drivers/clock_control/libdrivers__clock_control.a(clock_control_nrf.c.obj)
 .text.lfclk_stop
                0x0000000000006b24        0x6 zephyr/drivers/clock_control/libdrivers__clock_control.a(clock_control_nrf.c.obj)
 .text.blocking_start_callback
                0x0000000000006b2a        0x6 zephyr/drivers/clock_control/libdrivers__clock_control.a(clock_control_nrf.c.obj)
 .text.gpio_nrfx_port_get_raw
                0x0000000000006b30        0xe zephyr/drivers/gpio/libdrivers__gpio.a(gpio_nrfx.c.obj)
 .text.gpio_nrfx_port_set_masked_raw
                0x0000000000006b3e       0x16 zephyr/drivers/gpio/libdrivers__gpio.a(gpio_nrfx.c.obj)
 .text.gpio_nrfx_port_set_bits_raw
                0x0000000000006b54        0xc zephyr/drivers/gpio/libdrivers__gpio.a(gpio_nrfx.c.obj)
 .text.gpio_nrfx_port_clear_bits_raw
                0x0000000000006b60        0xc zephyr/drivers/gpio/libdrivers__gpio.a(gpio_nrfx.c.obj)
 .text.gpio_nrfx_port_toggle_bits
                0x0000000000006b6c       0x12 zephyr/drivers/gpio/libdrivers__gpio.a(gpio_nrfx.c.obj)
 .text.gpio_nrfx_manage_callback
                0x0000000000006b7e       0x54 zephyr/drivers/gpio/libdrivers__gpio.a(gpio_nrfx.c.obj)
 .text.uarte_nrfx_config_get
                0x0000000000006bd2       0x10 zephyr/drivers/serial/libdrivers__serial.a(uart_nrfx_uarte.c.obj)
 .text.uarte_nrfx_err_check
                0x0000000000006be2        0xe zephyr/drivers/serial/libdrivers__serial.a(uart_nrfx_uarte.c.obj)
 .text.tx_start
                0x0000000000006bf0       0x4c zephyr/drivers/serial/libdrivers__serial.a(uart_nrfx_uarte.c.obj)
 .text.user_callback
                0x0000000000006c3c        0xe zephyr/drivers/serial/libdrivers__serial.a(uart_nrfx_uarte.c.obj)
 .text.notify_uart_rx_rdy
                0x0000000000006c4a       0x32 zephyr/drivers/serial/libdrivers__serial.a(uart_nrfx_uarte.c.obj)
 .text.rx_buf_release
                0x0000000000006c7c       0x30 zephyr/drivers/serial/libdrivers__serial.a(uart_nrfx_uarte.c.obj)
 .text.notify_rx_disable
                0x0000000000006cac       0x22 zephyr/drivers/serial/libdrivers__serial.a(uart_nrfx_uarte.c.obj)
 .text.uarte_nrfx_rx_buf_rsp
                0x0000000000006cce       0x50 zephyr/drivers/serial/libdrivers__serial.a(uart_nrfx_uarte.c.obj)
 .text.uarte_nrfx_callback_set
                0x0000000000006d1e       0x14 zephyr/drivers/serial/libdrivers__serial.a(uart_nrfx_uarte.c.obj)
 .text.uarte_nrfx_poll_in
                0x0000000000006d32       0x30 zephyr/drivers/serial/libdrivers__serial.a(uart_nrfx_uarte.c.obj)
 .text.uarte_nrfx_rx_disable
                0x0000000000006d62       0x42 zephyr/drivers/serial/libdrivers__serial.a(uart_nrfx_uarte.c.obj)
 .text.rx_flush.isra.0
                0x0000000000006da4       0x68 zephyr/drivers/serial/libdrivers__serial.a(uart_nrfx_uarte.c.obj)
 .text.setup_tx_cache.isra.0
                0x0000000000006e0c       0x28 zephyr/drivers/serial/libdrivers__serial.a(uart_nrfx_uarte.c.obj)
 .text.async_uart_release
                0x0000000000006e34       0x4e zephyr/drivers/serial/libdrivers__serial.a(uart_nrfx_uarte.c.obj)
 .text.is_tx_ready.isra.0
                0x0000000000006e82       0x20 zephyr/drivers/serial/libdrivers__serial.a(uart_nrfx_uarte.c.obj)
 .text.start_tx_locked
                0x0000000000006ea2       0x32 zephyr/drivers/serial/libdrivers__serial.a(uart_nrfx_uarte.c.obj)
 .text.uarte_1_init
                0x0000000000006ed4       0x1e zephyr/drivers/serial/libdrivers__serial.a(uart_nrfx_uarte.c.obj)
 .text.uarte_0_init
                0x0000000000006ef2       0x1e zephyr/drivers/serial/libdrivers__serial.a(uart_nrfx_uarte.c.obj)
 .text.uarte_nrfx_rx_enable
                0x0000000000006f10      0x110 zephyr/drivers/serial/libdrivers__serial.a(uart_nrfx_uarte.c.obj)
 .text.rx_timeout
                0x0000000000007020       0x92 zephyr/drivers/serial/libdrivers__serial.a(uart_nrfx_uarte.c.obj)
 .text.uarte_nrfx_tx_abort
                0x00000000000070b2       0x28 zephyr/drivers/serial/libdrivers__serial.a(uart_nrfx_uarte.c.obj)
 .text.tx_timeout
                0x00000000000070da        0x8 zephyr/drivers/serial/libdrivers__serial.a(uart_nrfx_uarte.c.obj)
 .text.sys_clock_idle_exit
                0x00000000000070e2        0x2 zephyr/drivers/timer/libdrivers__timer.a(sys_clock_init.c.obj)
                0x00000000000070e2                sys_clock_idle_exit
 .text.sys_clock_cycle_get_32
                0x00000000000070e4        0x8 zephyr/drivers/timer/libdrivers__timer.a(nrf_rtc_timer.c.obj)
                0x00000000000070e4                sys_clock_cycle_get_32
 .text.pinctrl_lookup_state
                0x00000000000070ec       0x30 zephyr/drivers/pinctrl/libdrivers__pinctrl.a(common.c.obj)
                0x00000000000070ec                pinctrl_lookup_state
 .text.nrf_gpio_pin_write
                0x000000000000711c        0xa zephyr/drivers/pinctrl/libdrivers__pinctrl.a(pinctrl_nrf.c.obj)
 .text.pinctrl_configure_pins
                0x0000000000007126      0x13e zephyr/drivers/pinctrl/libdrivers__pinctrl.a(pinctrl_nrf.c.obj)
                0x0000000000007126                pinctrl_configure_pins
 .text.hw_cc3xx_init_internal
                0x0000000000007264        0x4 modules/nrf/drivers/hw_cc310/lib..__nrf__drivers__hw_cc310.a(hw_cc310.c.obj)
 .text.hw_cc3xx_init
                0x0000000000007268       0x12 modules/nrf/drivers/hw_cc310/lib..__nrf__drivers__hw_cc310.a(hw_cc310.c.obj)
 .text.nrf52_errata_36
                0x000000000000727a       0x12 modules/hal_nordic/nrfx/libmodules__hal_nordic__nrfx.a(system_nrf52840.c.obj)
 .text.nrfx_isr
                0x000000000000728c        0x2 modules/hal_nordic/nrfx/libmodules__hal_nordic__nrfx.a(nrfx_glue.c.obj)
                0x000000000000728c                nrfx_isr
 .text.nrfx_busy_wait
                0x000000000000728e        0x4 modules/hal_nordic/nrfx/libmodules__hal_nordic__nrfx.a(nrfx_glue.c.obj)
                0x000000000000728e                nrfx_busy_wait
 .text.nrfx_clock_enable
                0x0000000000007292       0x1a modules/hal_nordic/nrfx/libmodules__hal_nordic__nrfx.a(nrfx_clock.c.obj)
                0x0000000000007292                nrfx_clock_enable
 .text.nrfx_clock_start
                0x00000000000072ac       0x7a modules/hal_nordic/nrfx/libmodules__hal_nordic__nrfx.a(nrfx_clock.c.obj)
                0x00000000000072ac                nrfx_clock_start
 .text.nrfx_clock_stop
                0x0000000000007326        0x4 modules/hal_nordic/nrfx/libmodules__hal_nordic__nrfx.a(nrfx_clock.c.obj)
                0x0000000000007326                nrfx_clock_stop
 .text.nrf_gpio_reconfigure
                0x000000000000732a       0x8e modules/hal_nordic/nrfx/libmodules__hal_nordic__nrfx.a(nrfx_gpiote.c.obj)
 .text.nrf_gpio_cfg_sense_set
                0x00000000000073b8       0x1e modules/hal_nordic/nrfx/libmodules__hal_nordic__nrfx.a(nrfx_gpiote.c.obj)
 .text.SEGGER_RTT_Init
                0x00000000000073d6        0x4 modules/segger/libmodules__segger.a(SEGGER_RTT.c.obj)
                0x00000000000073d6                SEGGER_RTT_Init
 .text.rtt_init
                0x00000000000073da        0xa modules/segger/libmodules__segger.a(SEGGER_RTT_zephyr.c.obj)
 .text.z_device_state_init
                0x00000000000073e4        0x2 zephyr/kernel/libkernel.a(device.c.obj)
                0x00000000000073e4                z_device_state_init
 .text.z_device_is_ready
                0x00000000000073e6       0x14 zephyr/kernel/libkernel.a(device.c.obj)
                0x00000000000073e6                z_device_is_ready
 .text.z_early_memset
                0x00000000000073fa        0x4 zephyr/kernel/libkernel.a(init.c.obj)
                0x00000000000073fa                z_early_memset
 .text.z_early_memcpy
                0x00000000000073fe        0x4 zephyr/kernel/libkernel.a(init.c.obj)
                0x00000000000073fe                z_early_memcpy
 .text.k_mem_slab_init
                0x0000000000007402       0x36 zephyr/kernel/libkernel.a(mem_slab.c.obj)
                0x0000000000007402                k_mem_slab_init
 .text.k_mem_slab_free
                0x0000000000007438       0x52 zephyr/kernel/libkernel.a(mem_slab.c.obj)
                0x0000000000007438                k_mem_slab_free
 .text.k_is_in_isr
                0x000000000000748a        0xc zephyr/kernel/libkernel.a(thread.c.obj)
                0x000000000000748a                k_is_in_isr
 .text.z_impl_k_thread_name_set
                0x0000000000007496        0x6 zephyr/kernel/libkernel.a(thread.c.obj)
                0x0000000000007496                z_impl_k_thread_name_set
 .text.k_thread_name_get
                0x000000000000749c        0x4 zephyr/kernel/libkernel.a(thread.c.obj)
                0x000000000000749c                k_thread_name_get
 .text.z_pm_save_idle_exit
                0x00000000000074a0        0xe zephyr/kernel/libkernel.a(idle.c.obj)
                0x00000000000074a0                z_pm_save_idle_exit
 .text.adjust_owner_prio.isra.0
                0x00000000000074ae       0x10 zephyr/kernel/libkernel.a(mutex.c.obj)
 .text.z_impl_k_mutex_init
                0x00000000000074be        0xe zephyr/kernel/libkernel.a(mutex.c.obj)
                0x00000000000074be                z_impl_k_mutex_init
 .text.z_impl_k_sem_init
                0x00000000000074cc       0x18 zephyr/kernel/libkernel.a(sem.c.obj)
                0x00000000000074cc                z_impl_k_sem_init
 .text.sys_dlist_remove
                0x00000000000074e4       0x10 zephyr/kernel/libkernel.a(sched.c.obj)
 .text.unpend_thread_no_timeout
                0x00000000000074f4       0x14 zephyr/kernel/libkernel.a(sched.c.obj)
 .text.z_unpend_thread_no_timeout
                0x0000000000007508       0x20 zephyr/kernel/libkernel.a(sched.c.obj)
                0x0000000000007508                z_unpend_thread_no_timeout
 .text.z_reschedule_irqlock
                0x0000000000007528       0x18 zephyr/kernel/libkernel.a(sched.c.obj)
                0x0000000000007528                z_reschedule_irqlock
 .text.z_reschedule_unlocked
                0x0000000000007540       0x14 zephyr/kernel/libkernel.a(sched.c.obj)
 .text.z_priq_dumb_best
                0x0000000000007554        0xc zephyr/kernel/libkernel.a(sched.c.obj)
                0x0000000000007554                z_priq_dumb_best
 .text.z_ready_thread
                0x0000000000007560       0x20 zephyr/kernel/libkernel.a(sched.c.obj)
                0x0000000000007560                z_ready_thread
 .text.z_thread_timeout
                0x0000000000007580       0x44 zephyr/kernel/libkernel.a(sched.c.obj)
                0x0000000000007580                z_thread_timeout
 .text.add_to_waitq_locked
                0x00000000000075c4       0x54 zephyr/kernel/libkernel.a(sched.c.obj)
 .text.z_unpend1_no_timeout
                0x0000000000007618       0x2a zephyr/kernel/libkernel.a(sched.c.obj)
                0x0000000000007618                z_unpend1_no_timeout
 .text.z_unpend_first_thread
                0x0000000000007642       0x30 zephyr/kernel/libkernel.a(sched.c.obj)
                0x0000000000007642                z_unpend_first_thread
 .text.z_abort_timeout
                0x0000000000007672       0x2c zephyr/kernel/libkernel.a(timeout.c.obj)
                0x0000000000007672                z_abort_timeout
 .text.z_get_next_timeout_expiry
                0x000000000000769e       0x20 zephyr/kernel/libkernel.a(timeout.c.obj)
                0x000000000000769e                z_get_next_timeout_expiry
 .text.z_set_timeout_expiry
                0x00000000000076be       0x34 zephyr/kernel/libkernel.a(timeout.c.obj)
                0x00000000000076be                z_set_timeout_expiry
 .text.sys_clock_tick_get_32
                0x00000000000076f2        0x8 zephyr/kernel/libkernel.a(timeout.c.obj)
                0x00000000000076f2                sys_clock_tick_get_32
 .text.z_impl_k_busy_wait
                0x00000000000076fa        0x8 zephyr/kernel/libkernel.a(timeout.c.obj)
                0x00000000000076fa                z_impl_k_busy_wait
 .text.k_timer_init
                0x0000000000007702       0x18 zephyr/kernel/libkernel.a(timer.c.obj)
                0x0000000000007702                k_timer_init
 .text.z_impl_k_timer_stop
                0x000000000000771a       0x3a zephyr/kernel/libkernel.a(timer.c.obj)
                0x000000000000771a                z_impl_k_timer_stop
 .text._OffsetAbsSyms
                0x0000000000007754        0x2 zephyr/CMakeFiles/offsets.dir/./arch/arm/core/offsets/offsets.c.obj
                0x0000000000007754                _OffsetAbsSyms
 *(SORT_BY_ALIGNMENT(.TEXT.*))
 *fill*         0x0000000000007756        0x2 
 .TEXT.z_arm_platform_init
                0x0000000000007758        0x4 zephyr/libzephyr.a(soc_nrf_common.S.obj)
                0x0000000000007758                z_arm_platform_init
 *(SORT_BY_ALIGNMENT(.gnu.linkonce.t.*))
 *(SORT_BY_ALIGNMENT(.glue_7t))
 .glue_7t       0x000000000000775c        0x0 linker stubs
 *(SORT_BY_ALIGNMENT(.glue_7))
 .glue_7        0x000000000000775c        0x0 linker stubs
 *(SORT_BY_ALIGNMENT(.vfp11_veneer))
 .vfp11_veneer  0x000000000000775c        0x0 linker stubs
 *(SORT_BY_ALIGNMENT(.v4_bx))
 .v4_bx         0x000000000000775c        0x0 linker stubs
                0x000000000000775c                __text_region_end = .

.ARM.exidx      0x000000000000775c        0x8
                0x000000000000775c                __exidx_start = .
 *(SORT_BY_ALIGNMENT(.ARM.exidx*) SORT_BY_ALIGNMENT(gnu.linkonce.armexidx.*))
 .ARM.exidx     0x000000000000775c        0x8 c:/nordicsemi/toolchains/v2.0.0/opt/zephyr-sdk/arm-zephyr-eabi/bin/../lib/gcc/arm-zephyr-eabi/10.3.0/thumb/v7e-m/nofp\libgcc.a(_udivmoddi4.o)
                0x0000000000007764                __exidx_end = .
                0x0000000000007764                __rodata_region_start = .

initlevel       0x0000000000007764       0x68
                0x0000000000007764                __init_start = .
                0x0000000000007764                __init_PRE_KERNEL_1_start = .
 *(SORT_BY_NAME(SORT_BY_ALIGNMENT(.z_init_PRE_KERNEL_1[0-9]_*)))
 .z_init_PRE_KERNEL_10_
                0x0000000000007764        0x8 zephyr/soc/arm/nordic_nrf/nrf52/libsoc__arm__nordic_nrf__nrf52.a(soc.c.obj)
 *(SORT_BY_NAME(SORT_BY_ALIGNMENT(.z_init_PRE_KERNEL_1[1-9][0-9]_*)))
 .z_init_PRE_KERNEL_130_
                0x000000000000776c        0x8 zephyr/drivers/clock_control/libdrivers__clock_control.a(clock_control_nrf.c.obj)
 .z_init_PRE_KERNEL_130_
                0x0000000000007774        0x8 modules/segger/libmodules__segger.a(SEGGER_RTT_zephyr.c.obj)
 .z_init_PRE_KERNEL_130_
                0x000000000000777c        0x8 zephyr/kernel/libkernel.a(mem_slab.c.obj)
 .z_init_PRE_KERNEL_140_
                0x0000000000007784       0x10 zephyr/drivers/gpio/libdrivers__gpio.a(gpio_nrfx.c.obj)
 .z_init_PRE_KERNEL_140_
                0x0000000000007794        0x8 modules/nrf/drivers/hw_cc310/lib..__nrf__drivers__hw_cc310.a(hw_cc310.c.obj)
 .z_init_PRE_KERNEL_155_
                0x000000000000779c       0x10 zephyr/drivers/serial/libdrivers__serial.a(uart_nrfx_uarte.c.obj)
 .z_init_PRE_KERNEL_160_
                0x00000000000077ac        0x8 zephyr/drivers/console/libdrivers__console.a(uart_console.c.obj)
                0x00000000000077b4                __init_PRE_KERNEL_2_start = .
 *(SORT_BY_NAME(SORT_BY_ALIGNMENT(.z_init_PRE_KERNEL_2[0-9]_*)))
 .z_init_PRE_KERNEL_20_
                0x00000000000077b4        0x8 zephyr/drivers/timer/libdrivers__timer.a(nrf_rtc_timer.c.obj)
 *(SORT_BY_NAME(SORT_BY_ALIGNMENT(.z_init_PRE_KERNEL_2[1-9][0-9]_*)))
                0x00000000000077bc                __init_POST_KERNEL_start = .
 *(SORT_BY_NAME(SORT_BY_ALIGNMENT(.z_init_POST_KERNEL[0-9]_*)))
 .z_init_POST_KERNEL0_
                0x00000000000077bc        0x8 zephyr/libzephyr.a(log_core.c.obj)
 *(SORT_BY_NAME(SORT_BY_ALIGNMENT(.z_init_POST_KERNEL[1-9][0-9]_*)))
 .z_init_POST_KERNEL40_
                0x00000000000077c4        0x8 modules/nrf/drivers/hw_cc310/lib..__nrf__drivers__hw_cc310.a(hw_cc310.c.obj)
                0x00000000000077cc                __init_APPLICATION_start = .
 *(SORT_BY_NAME(SORT_BY_ALIGNMENT(.z_init_APPLICATION[0-9]_*)))
 *(SORT_BY_NAME(SORT_BY_ALIGNMENT(.z_init_APPLICATION[1-9][0-9]_*)))
                0x00000000000077cc                __init_SMP_start = .
 *(SORT_BY_NAME(SORT_BY_ALIGNMENT(.z_init_SMP[0-9]_*)))
 *(SORT_BY_NAME(SORT_BY_ALIGNMENT(.z_init_SMP[1-9][0-9]_*)))
                0x00000000000077cc                __init_end = .

devices         0x00000000000077cc       0x78
                0x00000000000077cc                __device_start = .
                0x00000000000077cc                __device_PRE_KERNEL_1_start = .
 *(SORT_BY_NAME(SORT_BY_ALIGNMENT(.z_device_PRE_KERNEL_1[0-9]_*)))
 *(SORT_BY_NAME(SORT_BY_ALIGNMENT(.z_device_PRE_KERNEL_1[1-9][0-9]_*)))
 .z_device_PRE_KERNEL_130_
                0x00000000000077cc       0x18 zephyr/drivers/clock_control/libdrivers__clock_control.a(clock_control_nrf.c.obj)
                0x00000000000077cc                __device_dts_ord_72
 .z_device_PRE_KERNEL_140_
                0x00000000000077e4       0x30 zephyr/drivers/gpio/libdrivers__gpio.a(gpio_nrfx.c.obj)
                0x00000000000077e4                __device_dts_ord_11
                0x00000000000077fc                __device_dts_ord_104
 .z_device_PRE_KERNEL_155_
                0x0000000000007814       0x30 zephyr/drivers/serial/libdrivers__serial.a(uart_nrfx_uarte.c.obj)
                0x0000000000007814                __device_dts_ord_113
                0x000000000000782c                __device_dts_ord_112
                0x0000000000007844                __device_PRE_KERNEL_2_start = .
 *(SORT_BY_NAME(SORT_BY_ALIGNMENT(.z_device_PRE_KERNEL_2[0-9]_*)))
 *(SORT_BY_NAME(SORT_BY_ALIGNMENT(.z_device_PRE_KERNEL_2[1-9][0-9]_*)))
                0x0000000000007844                __device_POST_KERNEL_start = .
 *(SORT_BY_NAME(SORT_BY_ALIGNMENT(.z_device_POST_KERNEL[0-9]_*)))
 *(SORT_BY_NAME(SORT_BY_ALIGNMENT(.z_device_POST_KERNEL[1-9][0-9]_*)))
                0x0000000000007844                __device_APPLICATION_start = .
 *(SORT_BY_NAME(SORT_BY_ALIGNMENT(.z_device_APPLICATION[0-9]_*)))
 *(SORT_BY_NAME(SORT_BY_ALIGNMENT(.z_device_APPLICATION[1-9][0-9]_*)))
                0x0000000000007844                __device_SMP_start = .
 *(SORT_BY_NAME(SORT_BY_ALIGNMENT(.z_device_SMP[0-9]_*)))
 *(SORT_BY_NAME(SORT_BY_ALIGNMENT(.z_device_SMP[1-9][0-9]_*)))
                0x0000000000007844                __device_end = .

sw_isr_table    0x0000000000007844      0x180
                0x0000000000007844                . = ALIGN (0x0)
 *(SORT_BY_ALIGNMENT(.gnu.linkonce.sw_isr_table*))
 .gnu.linkonce.sw_isr_table
                0x0000000000007844      0x180 zephyr/CMakeFiles/zephyr_final.dir/isr_tables.c.obj
                0x0000000000007844                _sw_isr_table

initlevel_error
                0x0000000000007764        0x0
 *(SORT_BY_NAME(SORT_BY_ALIGNMENT(.z_init_[_A-Z0-9]*)))
                0x0000000000000001                ASSERT ((SIZEOF (initlevel_error) == 0x0), Undefined initialization levels used.)

app_shmem_regions
                0x00000000000079c4        0x0
                0x00000000000079c4                __app_shmem_regions_start = .
 *(SORT_BY_NAME(SORT_BY_ALIGNMENT(.app_regions.*)))
                0x00000000000079c4                __app_shmem_regions_end = .

bt_l2cap_fixed_chan_area
                0x00000000000079c4        0x0
                0x00000000000079c4                _bt_l2cap_fixed_chan_list_start = .
 *(SORT_BY_NAME(SORT_BY_ALIGNMENT(._bt_l2cap_fixed_chan.static.*)))
                0x00000000000079c4                _bt_l2cap_fixed_chan_list_end = .

bt_gatt_service_static_area
                0x00000000000079c4        0x0
                0x00000000000079c4                _bt_gatt_service_static_list_start = .
 *(SORT_BY_NAME(SORT_BY_ALIGNMENT(._bt_gatt_service_static.static.*)))
                0x00000000000079c4                _bt_gatt_service_static_list_end = .

k_p4wq_initparam_area
                0x00000000000079c4        0x0
                0x00000000000079c4                _k_p4wq_initparam_list_start = .
 *(SORT_BY_NAME(SORT_BY_ALIGNMENT(._k_p4wq_initparam.static.*)))
                0x00000000000079c4                _k_p4wq_initparam_list_end = .

log_strings_sections
                0x00000000000079c4        0x0
                0x00000000000079c4                __log_strings_start = .
 *(SORT_BY_NAME(SORT_BY_ALIGNMENT(.log_strings*)))
                0x00000000000079c4                __log_strings_end = .

log_const_sections
                0x00000000000079c4       0x48
                0x00000000000079c4                __log_const_start = .
 *(SORT_BY_NAME(SORT_BY_ALIGNMENT(.log_const_*)))
 .log_const_clock_control
                0x00000000000079c4        0x8 zephyr/drivers/clock_control/libdrivers__clock_control.a(clock_control_nrf.c.obj)
                0x00000000000079c4                log_const_clock_control
 .log_const_fatal_error
                0x00000000000079cc        0x8 modules/nrf/lib/fatal_error/lib..__nrf__lib__fatal_error.a(fatal_error.c.obj)
                0x00000000000079cc                log_const_fatal_error
 .log_const_log
                0x00000000000079d4        0x8 zephyr/libzephyr.a(log_core.c.obj)
                0x00000000000079d4                log_const_log
 .log_const_log_uart
                0x00000000000079dc        0x8 zephyr/libzephyr.a(log_backend_uart.c.obj)
                0x00000000000079dc                log_const_log_uart
 .log_const_mpu
                0x00000000000079e4        0x8 zephyr/arch/arch/arm/core/aarch32/mpu/libarch__arm__core__aarch32__mpu.a(arm_core_mpu.c.obj)
                0x00000000000079e4                log_const_mpu
 .log_const_os  0x00000000000079ec        0x8 zephyr/kernel/libkernel.a(init.c.obj)
                0x00000000000079ec                log_const_os
 .log_const_pm  0x00000000000079f4        0x8 zephyr/libzephyr.a(pm.c.obj)
                0x00000000000079f4                log_const_pm
 .log_const_soc
                0x00000000000079fc        0x8 zephyr/soc/arm/nordic_nrf/nrf52/libsoc__arm__nordic_nrf__nrf52.a(soc.c.obj)
                0x00000000000079fc                log_const_soc
 .log_const_uart_nrfx_uarte
                0x0000000000007a04        0x8 zephyr/drivers/serial/libdrivers__serial.a(uart_nrfx_uarte.c.obj)
                0x0000000000007a04                log_const_uart_nrfx_uarte
                0x0000000000007a0c                __log_const_end = .

log_backends_sections
                0x0000000000007a0c       0x20
                0x0000000000007a0c                __log_backends_start = .
 *(SORT_BY_ALIGNMENT(._log_backend.*))
 ._log_backend.static.log_backend_uart
                0x0000000000007a0c       0x10 zephyr/libzephyr.a(log_backend_uart.c.obj)
 ._log_backend.static.log_backend_rtt
                0x0000000000007a1c       0x10 zephyr/libzephyr.a(log_backend_rtt.c.obj)
                0x0000000000007a2c                __log_backends_end = .

shell_area      0x0000000000007a2c        0x0
                0x0000000000007a2c                _shell_list_start = .
 *(SORT_BY_NAME(SORT_BY_ALIGNMENT(._shell.static.*)))
                0x0000000000007a2c                _shell_list_end = .

shell_root_cmds_sections
                0x0000000000007a2c        0x0
                0x0000000000007a2c                __shell_root_cmds_start = .
 *(SORT_BY_NAME(SORT_BY_ALIGNMENT(.shell_root_cmd_*)))
                0x0000000000007a2c                __shell_root_cmds_end = .

font_entry_sections
                0x0000000000007a2c        0x0
                0x0000000000007a2c                __font_entry_start = .
 *(SORT_BY_NAME(SORT_BY_ALIGNMENT(._cfb_font.*)))
                0x0000000000007a2c                __font_entry_end = .

tracing_backend_area
                0x0000000000007a2c        0x0
                0x0000000000007a2c                _tracing_backend_list_start = .
 *(SORT_BY_NAME(SORT_BY_ALIGNMENT(._tracing_backend.static.*)))
                0x0000000000007a2c                _tracing_backend_list_end = .

zephyr_dbg_info
 *(SORT_BY_ALIGNMENT(.dbg_thread_info))

device_handles  0x0000000000007a2c       0x1e
                0x0000000000007a2c                __device_handles_start = .
 *(SORT_BY_NAME(SORT_BY_ALIGNMENT(.__device_handles_pass2*)))
 .__device_handles_pass2
                0x0000000000007a2c       0x1e zephyr/CMakeFiles/zephyr_final.dir/dev_handles.c.obj
                0x0000000000007a2c                __devicehdl_DT_N_S_soc_S_uart_40002000
                0x0000000000007a32                __devicehdl_DT_N_S_soc_S_uart_40028000
                0x0000000000007a38                __devicehdl_DT_N_S_soc_S_gpio_50000300
                0x0000000000007a3e                __devicehdl_DT_N_S_soc_S_gpio_50000000
                0x0000000000007a44                __devicehdl_DT_N_S_soc_S_clock_40000000
                0x0000000000007a4a                __device_handles_end = .

rodata          0x0000000000007a50      0xa8c
 *(SORT_BY_ALIGNMENT(.rodata))
 *(SORT_BY_ALIGNMENT(.rodata.*))
 .rodata.delay_machine_code.0
                0x0000000000007a50        0x6 zephyr/soc/arm/nordic_nrf/nrf52/libsoc__arm__nordic_nrf__nrf52.a(soc.c.obj)
 *fill*         0x0000000000007a56        0x2 
 .rodata.led0   0x0000000000007a58        0x8 app/libapp.a(main.c.obj)
 .rodata.led1   0x0000000000007a60        0x8 app/libapp.a(main.c.obj)
 .rodata.led2   0x0000000000007a68        0x8 app/libapp.a(main.c.obj)
 .rodata.format_table
                0x0000000000007a70        0xc zephyr/libzephyr.a(log_core.c.obj)
 .rodata.mpsc_config
                0x0000000000007a7c       0x14 zephyr/libzephyr.a(log_core.c.obj)
 .rodata.colors
                0x0000000000007a90       0x14 zephyr/libzephyr.a(log_output.c.obj)
 .rodata.severity
                0x0000000000007aa4       0x14 zephyr/libzephyr.a(log_output.c.obj)
 .rodata.log_backend_uart_api
                0x0000000000007ab8       0x20 zephyr/libzephyr.a(log_backend_uart.c.obj)
                0x0000000000007ab8                log_backend_uart_api
 .rodata.log_output_uart
                0x0000000000007ad8       0x10 zephyr/libzephyr.a(log_backend_uart.c.obj)
 .rodata.log_backend_rtt_api
                0x0000000000007ae8       0x20 zephyr/libzephyr.a(log_backend_rtt.c.obj)
                0x0000000000007ae8                log_backend_rtt_api
 .rodata.log_output_rtt
                0x0000000000007b08       0x10 zephyr/libzephyr.a(log_backend_rtt.c.obj)
 .rodata.pmstates_DT_N_S_cpus_S_cpu_0
                0x0000000000007b18        0x0 zephyr/libzephyr.a(state.c.obj)
 .rodata.apis   0x0000000000007b18        0x8 zephyr/libzephyr.a(nrf_cc3xx_platform_abort_zephyr.c.obj)
 .rodata.mutex_apis
                0x0000000000007b20       0x10 zephyr/libzephyr.a(nrf_cc3xx_platform_mutex_zephyr.c.obj)
 .rodata.mutexes
                0x0000000000007b30       0x14 zephyr/libzephyr.a(nrf_cc3xx_platform_mutex_zephyr.c.obj)
 .rodata.static_regions
                0x0000000000007b44        0xc zephyr/arch/arch/arm/core/aarch32/mpu/libarch__arm__core__aarch32__mpu.a(arm_core_mpu.c.obj)
 .rodata.mpu_config
                0x0000000000007b50        0x8 zephyr/soc/arm/common/cortex_m/libsoc__arm__common__cortex_m.a(arm_mpu_regions.c.obj)
                0x0000000000007b50                mpu_config
 .rodata.mpu_regions
                0x0000000000007b58       0x18 zephyr/soc/arm/common/cortex_m/libsoc__arm__common__cortex_m.a(arm_mpu_regions.c.obj)
 .rodata.clock_control_api
                0x0000000000007b70       0x18 zephyr/drivers/clock_control/libdrivers__clock_control.a(clock_control_nrf.c.obj)
 .rodata.config
                0x0000000000007b88       0x18 zephyr/drivers/clock_control/libdrivers__clock_control.a(clock_control_nrf.c.obj)
 .rodata.transitions.0
                0x0000000000007ba0        0xc zephyr/drivers/clock_control/libdrivers__clock_control.a(clock_control_nrf.c.obj)
 .rodata.gpio_nrfx_drv_api_funcs
                0x0000000000007bac       0x24 zephyr/drivers/gpio/libdrivers__gpio.a(gpio_nrfx.c.obj)
 .rodata.gpio_nrfx_p0_cfg
                0x0000000000007bd0       0x10 zephyr/drivers/gpio/libdrivers__gpio.a(gpio_nrfx.c.obj)
 .rodata.gpio_nrfx_p1_cfg
                0x0000000000007be0       0x10 zephyr/drivers/gpio/libdrivers__gpio.a(gpio_nrfx.c.obj)
 .rodata.__pinctrl_dev_config__device_dts_ord_112
                0x0000000000007bf0        0xc zephyr/drivers/serial/libdrivers__serial.a(uart_nrfx_uarte.c.obj)
 .rodata.__pinctrl_dev_config__device_dts_ord_113
                0x0000000000007bfc        0xc zephyr/drivers/serial/libdrivers__serial.a(uart_nrfx_uarte.c.obj)
 .rodata.__pinctrl_state_pins_0__device_dts_ord_112
                0x0000000000007c08       0x10 zephyr/drivers/serial/libdrivers__serial.a(uart_nrfx_uarte.c.obj)
 .rodata.__pinctrl_state_pins_0__device_dts_ord_113
                0x0000000000007c18        0x8 zephyr/drivers/serial/libdrivers__serial.a(uart_nrfx_uarte.c.obj)
 .rodata.__pinctrl_states__device_dts_ord_112
                0x0000000000007c20        0x8 zephyr/drivers/serial/libdrivers__serial.a(uart_nrfx_uarte.c.obj)
 .rodata.__pinctrl_states__device_dts_ord_113
                0x0000000000007c28        0x8 zephyr/drivers/serial/libdrivers__serial.a(uart_nrfx_uarte.c.obj)
 .rodata.uart_nrfx_uarte_driver_api
                0x0000000000007c30       0x2c zephyr/drivers/serial/libdrivers__serial.a(uart_nrfx_uarte.c.obj)
 .rodata.uarte_0z_config
                0x0000000000007c5c       0x18 zephyr/drivers/serial/libdrivers__serial.a(uart_nrfx_uarte.c.obj)
 .rodata.uarte_1z_config
                0x0000000000007c74       0x18 zephyr/drivers/serial/libdrivers__serial.a(uart_nrfx_uarte.c.obj)
 .rodata.levels.0
                0x0000000000007c8c       0x14 zephyr/kernel/libkernel.a(device.c.obj)
 .rodata._k_neg_eagain
                0x0000000000007ca0        0x4 zephyr/kernel/libkernel.a(errno.c.obj)
                0x0000000000007ca0                _k_neg_eagain
 .rodata.CSWTCH.442
                0x0000000000007ca4       0x14 zephyr/kernel/libkernel.a(fatal.c.obj)
 .rodata.CSWTCH.12
                0x0000000000007cb8       0x1c C:/nordicsemi/v2.0.0/nrfxlib/crypto/nrf_cc310_platform/lib/cortex-m4/soft-float/no-interrupts/libnrf_cc310_platform_0.9.14.a(nrf_cc3xx_platform.c.obj)
 .rodata.mutex_free.str1.4
                0x0000000000007cd4       0x26 C:/nordicsemi/v2.0.0/nrfxlib/crypto/nrf_cc310_platform/lib/cortex-m4/soft-float/no-interrupts/libnrf_cc310_platform_0.9.14.a(nrf_cc3xx_platform_mutex.c.obj)
 *fill*         0x0000000000007cfa        0x2 
 .rodata.mutex_init.str1.4
                0x0000000000007cfc       0x23 C:/nordicsemi/v2.0.0/nrfxlib/crypto/nrf_cc310_platform/lib/cortex-m4/soft-float/no-interrupts/libnrf_cc310_platform_0.9.14.a(nrf_cc3xx_platform_mutex.c.obj)
 *fill*         0x0000000000007d1f        0x1 
 .rodata.CC_PalPowerSaveModeInit.str1.4
                0x0000000000007d20       0x20 C:/nordicsemi/v2.0.0/nrfxlib/crypto/nrf_cc310_platform/lib/cortex-m4/soft-float/no-interrupts/libnrf_cc310_platform_0.9.14.a(cc_pal_pm.c.obj)
 .rodata.uart_cb.str1.1
                0x0000000000007d40       0x36 app/libapp.a(main.c.obj)
                                         0x39 (size before relaxing)
 .rodata.main.str1.1
                0x0000000000007d76       0x33 app/libapp.a(main.c.obj)
 .rodata.cbvprintf.str1.1
                0x0000000000007da9        0x6 zephyr/libzephyr.a(cbprintf_complete.c.obj)
 .rodata.sys_reboot.str1.1
                0x0000000000007daf       0x29 zephyr/libzephyr.a(reboot.c.obj)
 .rodata.enable_logger.str1.1
                0x0000000000007dd8        0x8 zephyr/libzephyr.a(log_core.c.obj)
 .rodata.str1.1
                0x0000000000007de0        0x4 zephyr/libzephyr.a(log_core.c.obj)
 .rodata.hexdump_line_print.str1.1
                0x0000000000007de4        0xc zephyr/libzephyr.a(log_output.c.obj)
                                         0x16 (size before relaxing)
 .rodata.prefix_print.str1.1
                0x0000000000007df0       0x40 zephyr/libzephyr.a(log_output.c.obj)
 .rodata.log_output_dropped_process.str1.1
                0x0000000000007e30       0x40 zephyr/libzephyr.a(log_output.c.obj)
                                          0x3 (size before relaxing)
 .rodata.str1.1
                0x0000000000007e30       0x20 zephyr/libzephyr.a(log_output.c.obj)
 .rodata.postfix.0
                0x0000000000007e50       0x1c zephyr/libzephyr.a(log_output.c.obj)
 .rodata.prefix.1
                0x0000000000007e6c        0xc zephyr/libzephyr.a(log_output.c.obj)
 .rodata.str1.1
                0x0000000000007e78       0x1a zephyr/libzephyr.a(log_backend_uart.c.obj)
 .rodata.str1.1
                0x0000000000007e92       0x10 zephyr/libzephyr.a(log_backend_rtt.c.obj)
 .rodata.str1.1
                0x0000000000007ea2        0x3 zephyr/libzephyr.a(pm.c.obj)
 .rodata.mutex_free_platform.str1.1
                0x0000000000007ea5       0x26 zephyr/libzephyr.a(nrf_cc3xx_platform_mutex_zephyr.c.obj)
 .rodata.mutex_init_platform.str1.1
                0x0000000000007ecb       0x2d zephyr/libzephyr.a(nrf_cc3xx_platform_mutex_zephyr.c.obj)
 .rodata.z_arm_fatal_error.str1.1
                0x0000000000007ef8       0x9b zephyr/arch/arch/arm/core/aarch32/libarch__arm__core__aarch32.a(fatal.c.obj)
 .rodata.bus_fault.constprop.0.str1.1
                0x0000000000007f93       0xca zephyr/arch/arch/arm/core/aarch32/cortex_m/libarch__arm__core__aarch32__cortex_m.a(fault.c.obj)
 .rodata.usage_fault.constprop.0.str1.1
                0x000000000000805d       0xcd zephyr/arch/arch/arm/core/aarch32/cortex_m/libarch__arm__core__aarch32__cortex_m.a(fault.c.obj)
 .rodata.mem_manage_fault.str1.1
                0x000000000000812a       0x96 zephyr/arch/arch/arm/core/aarch32/cortex_m/libarch__arm__core__aarch32__cortex_m.a(fault.c.obj)
 .rodata.z_arm_fault.str1.1
                0x00000000000081c0      0x111 zephyr/arch/arch/arm/core/aarch32/cortex_m/libarch__arm__core__aarch32__cortex_m.a(fault.c.obj)
 .rodata.str1.1
                0x00000000000082d1        0x4 zephyr/arch/arch/arm/core/aarch32/mpu/libarch__arm__core__aarch32__mpu.a(arm_core_mpu.c.obj)
 .rodata.mpu_configure_regions.str1.1
                0x00000000000082d5       0x49 zephyr/arch/arch/arm/core/aarch32/mpu/libarch__arm__core__aarch32__mpu.a(arm_mpu.c.obj)
 .rodata.str1.1
                0x000000000000831e        0xf zephyr/soc/arm/common/cortex_m/libsoc__arm__common__cortex_m.a(arm_mpu_regions.c.obj)
 .rodata.str1.1
                0x000000000000832d        0x4 zephyr/soc/arm/nordic_nrf/nrf52/libsoc__arm__nordic_nrf__nrf52.a(soc.c.obj)
 .rodata.CSWTCH.9
                0x0000000000008331        0x6 zephyr/soc/arm/nordic_nrf/nrf52/libsoc__arm__nordic_nrf__nrf52.a(soc.c.obj)
 .rodata.str1.1
                0x0000000000008337       0x20 zephyr/drivers/clock_control/libdrivers__clock_control.a(clock_control_nrf.c.obj)
 .rodata.str1.1
                0x0000000000008357        0xe zephyr/drivers/gpio/libdrivers__gpio.a(gpio_nrfx.c.obj)
 .rodata.uarte_instance_init.constprop.0.str1.1
                0x0000000000008365       0x1f zephyr/drivers/serial/libdrivers__serial.a(uart_nrfx_uarte.c.obj)
 .rodata.str1.1
                0x0000000000008384       0x1e zephyr/drivers/serial/libdrivers__serial.a(uart_nrfx_uarte.c.obj)
 .rodata.k_sys_fatal_error_handler.str1.1
                0x00000000000083a2       0x11 modules/nrf/lib/fatal_error/lib..__nrf__lib__fatal_error.a(fatal_error.c.obj)
 .rodata.str1.1
                0x00000000000083b3        0xc modules/nrf/lib/fatal_error/lib..__nrf__lib__fatal_error.a(fatal_error.c.obj)
 .rodata.CSWTCH.14
                0x00000000000083bf        0x6 modules/hal_nordic/nrfx/libmodules__hal_nordic__nrfx.a(system_nrf52840.c.obj)
 .rodata.CSWTCH.5
                0x00000000000083c5        0x6 modules/hal_nordic/nrfx/libmodules__hal_nordic__nrfx.a(system_nrf52840.c.obj)
 .rodata._DoInit.str1.1
                0x00000000000083cb       0x14 modules/segger/libmodules__segger.a(SEGGER_RTT.c.obj)
 .rodata.z_fatal_error.str1.1
                0x00000000000083df       0x77 zephyr/kernel/libkernel.a(fatal.c.obj)
 .rodata.str1.1
                0x0000000000008456       0x4a zephyr/kernel/libkernel.a(fatal.c.obj)
 .rodata.z_cstart.str1.1
                0x00000000000084a0        0x5 zephyr/kernel/libkernel.a(init.c.obj)
 .rodata.str1.1
                0x00000000000084a5        0x3 zephyr/kernel/libkernel.a(init.c.obj)
 .rodata.boot_banner.str1.1
                0x00000000000084a8       0x34 zephyr/kernel/libkernel.a(banner.c.obj)
                                         0x35 (size before relaxing)
 *(SORT_BY_ALIGNMENT(.gnu.linkonce.r.*))
                0x00000000000084dc                . = ALIGN (0x4)
                0x00000000000084dc                __rodata_region_end = .
                0x00000000000084e0                . = ALIGN (_region_min_align)
                0x0000000000010000                . = ALIGN ((0x1 << ((__rodata_region_end - __rom_region_start) <= 0x4)?0x2:((__rodata_region_end - __rom_region_start) <= 0x8)?0x3:((__rodata_region_end - __rom_region_start) <= 0x10)?0x4:((__rodata_region_end - __rom_region_start) <= 0x20)?0x5:((__rodata_region_end - __rom_region_start) <= 0x40)?0x6:((__rodata_region_end - __rom_region_start) <= 0x80)?0x7:((__rodata_region_end - __rom_region_start) <= 0x100)?0x8:((__rodata_region_end - __rom_region_start) <= 0x200)?0x9:((__rodata_region_end - __rom_region_start) <= 0x400)?0xa:((__rodata_region_end - __rom_region_start) <= 0x800)?0xb:((__rodata_region_end - __rom_region_start) <= 0x1000)?0xc:((__rodata_region_end - __rom_region_start) <= 0x2000)?0xd:((__rodata_region_end - __rom_region_start) <= 0x4000)?0xe:((__rodata_region_end - __rom_region_start) <= 0x8000)?0xf:((__rodata_region_end - __rom_region_start) <= 0x10000)?0x10:((__rodata_region_end - __rom_region_start) <= 0x20000)?0x11:((__rodata_region_end - __rom_region_start) <= 0x40000)?0x12:((__rodata_region_end - __rom_region_start) <= 0x80000)?0x13:((__rodata_region_end - __rom_region_start) <= 0x100000)?0x14:((__rodata_region_end - __rom_region_start) <= 0x200000)?0x15:((__rodata_region_end - __rom_region_start) <= 0x400000)?0x16:((__rodata_region_end - __rom_region_start) <= 0x800000)?0x17:((__rodata_region_end - __rom_region_start) <= 0x1000000)?0x18:((__rodata_region_end - __rom_region_start) <= 0x2000000)?0x19:((__rodata_region_end - __rom_region_start) <= 0x4000000)?0x1a:((__rodata_region_end - __rom_region_start) <= 0x8000000)?0x1b:((__rodata_region_end - __rom_region_start) <= 0x10000000)?0x1c:((__rodata_region_end - __rom_region_start) <= 0x20000000)?0x1d:((__rodata_region_end - __rom_region_start) <= 0x40000000)?0x1e:((__rodata_region_end - __rom_region_start) <= 0x80000000)?0x1f:0x20))
                0x0000000000010000                __rom_region_end = .
                0x0000000020000000                . = 0x20000000
                0x0000000020000000                . = ALIGN (_region_min_align)
                0x0000000020000000                _image_ram_start = .
